<!doctype html public "-//w3c//dtd html 4.0 transitional//en">
<html><head>
<title>Static Call Graph - [.\Objects\FINALISA.axf]</title></head>
<body><HR>
<H1>Static Call Graph for image .\Objects\FINALISA.axf</H1><HR>
<BR><P>#&#060CALLGRAPH&#062# ARM Linker, 6190004: Last Updated: Mon Jan  1 01:03:54 2024
<BR><P>
<H3>Maximum Stack Usage =         32 bytes + Unknown(Functions without stacksize, Cycles, Untraceable Function Pointers)</H3><H3>
Call chain for Maximum Stack Depth:</H3>
SystemInit &rArr; SetSysClock &rArr; SetSysClockTo72
<P>
<H3>
Functions with no stack information
</H3><UL>
 <LI><a href="#[aa]">__user_initial_stackheap</a>
</UL>
</UL>
<P>
<H3>
Mutually Recursive functions
</H3> <LI><a href="#[1]">NMI_Handler</a>&nbsp;&nbsp;&nbsp;&rArr;&nbsp;&nbsp;&nbsp;<a href="#[1]">NMI_Handler</a><BR>
 <LI><a href="#[2]">HardFault_Handler</a>&nbsp;&nbsp;&nbsp;&rArr;&nbsp;&nbsp;&nbsp;<a href="#[2]">HardFault_Handler</a><BR>
 <LI><a href="#[3]">MemManage_Handler</a>&nbsp;&nbsp;&nbsp;&rArr;&nbsp;&nbsp;&nbsp;<a href="#[3]">MemManage_Handler</a><BR>
 <LI><a href="#[4]">BusFault_Handler</a>&nbsp;&nbsp;&nbsp;&rArr;&nbsp;&nbsp;&nbsp;<a href="#[4]">BusFault_Handler</a><BR>
 <LI><a href="#[5]">UsageFault_Handler</a>&nbsp;&nbsp;&nbsp;&rArr;&nbsp;&nbsp;&nbsp;<a href="#[5]">UsageFault_Handler</a><BR>
 <LI><a href="#[6]">SVC_Handler</a>&nbsp;&nbsp;&nbsp;&rArr;&nbsp;&nbsp;&nbsp;<a href="#[6]">SVC_Handler</a><BR>
 <LI><a href="#[7]">DebugMon_Handler</a>&nbsp;&nbsp;&nbsp;&rArr;&nbsp;&nbsp;&nbsp;<a href="#[7]">DebugMon_Handler</a><BR>
 <LI><a href="#[8]">PendSV_Handler</a>&nbsp;&nbsp;&nbsp;&rArr;&nbsp;&nbsp;&nbsp;<a href="#[8]">PendSV_Handler</a><BR>
 <LI><a href="#[9]">SysTick_Handler</a>&nbsp;&nbsp;&nbsp;&rArr;&nbsp;&nbsp;&nbsp;<a href="#[9]">SysTick_Handler</a><BR>
 <LI><a href="#[1c]">ADC1_2_IRQHandler</a>&nbsp;&nbsp;&nbsp;&rArr;&nbsp;&nbsp;&nbsp;<a href="#[1c]">ADC1_2_IRQHandler</a><BR>
 <LI><a href="#[6c]">LCD_INIT</a>&nbsp;&nbsp;&nbsp;&rArr;&nbsp;&nbsp;&nbsp;<a href="#[6b]">LCD_DATA_WRITE</a><BR>
</UL>
<P>
<H3>
Function Pointers
</H3><UL>
 <LI><a href="#[1c]">ADC1_2_IRQHandler</a> from startup_stm32f10x_md.o(.text) referenced from startup_stm32f10x_md.o(RESET)
 <LI><a href="#[4]">BusFault_Handler</a> from startup_stm32f10x_md.o(.text) referenced from startup_stm32f10x_md.o(RESET)
 <LI><a href="#[1f]">CAN1_RX1_IRQHandler</a> from startup_stm32f10x_md.o(.text) referenced from startup_stm32f10x_md.o(RESET)
 <LI><a href="#[20]">CAN1_SCE_IRQHandler</a> from startup_stm32f10x_md.o(.text) referenced from startup_stm32f10x_md.o(RESET)
 <LI><a href="#[15]">DMA1_Channel1_IRQHandler</a> from startup_stm32f10x_md.o(.text) referenced from startup_stm32f10x_md.o(RESET)
 <LI><a href="#[16]">DMA1_Channel2_IRQHandler</a> from startup_stm32f10x_md.o(.text) referenced from startup_stm32f10x_md.o(RESET)
 <LI><a href="#[17]">DMA1_Channel3_IRQHandler</a> from startup_stm32f10x_md.o(.text) referenced from startup_stm32f10x_md.o(RESET)
 <LI><a href="#[18]">DMA1_Channel4_IRQHandler</a> from startup_stm32f10x_md.o(.text) referenced from startup_stm32f10x_md.o(RESET)
 <LI><a href="#[19]">DMA1_Channel5_IRQHandler</a> from startup_stm32f10x_md.o(.text) referenced from startup_stm32f10x_md.o(RESET)
 <LI><a href="#[1a]">DMA1_Channel6_IRQHandler</a> from startup_stm32f10x_md.o(.text) referenced from startup_stm32f10x_md.o(RESET)
 <LI><a href="#[1b]">DMA1_Channel7_IRQHandler</a> from startup_stm32f10x_md.o(.text) referenced from startup_stm32f10x_md.o(RESET)
 <LI><a href="#[7]">DebugMon_Handler</a> from startup_stm32f10x_md.o(.text) referenced from startup_stm32f10x_md.o(RESET)
 <LI><a href="#[10]">EXTI0_IRQHandler</a> from startup_stm32f10x_md.o(.text) referenced from startup_stm32f10x_md.o(RESET)
 <LI><a href="#[32]">EXTI15_10_IRQHandler</a> from startup_stm32f10x_md.o(.text) referenced from startup_stm32f10x_md.o(RESET)
 <LI><a href="#[11]">EXTI1_IRQHandler</a> from startup_stm32f10x_md.o(.text) referenced from startup_stm32f10x_md.o(RESET)
 <LI><a href="#[12]">EXTI2_IRQHandler</a> from startup_stm32f10x_md.o(.text) referenced from startup_stm32f10x_md.o(RESET)
 <LI><a href="#[13]">EXTI3_IRQHandler</a> from startup_stm32f10x_md.o(.text) referenced from startup_stm32f10x_md.o(RESET)
 <LI><a href="#[14]">EXTI4_IRQHandler</a> from startup_stm32f10x_md.o(.text) referenced from startup_stm32f10x_md.o(RESET)
 <LI><a href="#[21]">EXTI9_5_IRQHandler</a> from startup_stm32f10x_md.o(.text) referenced from startup_stm32f10x_md.o(RESET)
 <LI><a href="#[e]">FLASH_IRQHandler</a> from startup_stm32f10x_md.o(.text) referenced from startup_stm32f10x_md.o(RESET)
 <LI><a href="#[2]">HardFault_Handler</a> from startup_stm32f10x_md.o(.text) referenced from startup_stm32f10x_md.o(RESET)
 <LI><a href="#[2a]">I2C1_ER_IRQHandler</a> from startup_stm32f10x_md.o(.text) referenced from startup_stm32f10x_md.o(RESET)
 <LI><a href="#[29]">I2C1_EV_IRQHandler</a> from startup_stm32f10x_md.o(.text) referenced from startup_stm32f10x_md.o(RESET)
 <LI><a href="#[2c]">I2C2_ER_IRQHandler</a> from startup_stm32f10x_md.o(.text) referenced from startup_stm32f10x_md.o(RESET)
 <LI><a href="#[2b]">I2C2_EV_IRQHandler</a> from startup_stm32f10x_md.o(.text) referenced from startup_stm32f10x_md.o(RESET)
 <LI><a href="#[3]">MemManage_Handler</a> from startup_stm32f10x_md.o(.text) referenced from startup_stm32f10x_md.o(RESET)
 <LI><a href="#[1]">NMI_Handler</a> from startup_stm32f10x_md.o(.text) referenced from startup_stm32f10x_md.o(RESET)
 <LI><a href="#[b]">PVD_IRQHandler</a> from startup_stm32f10x_md.o(.text) referenced from startup_stm32f10x_md.o(RESET)
 <LI><a href="#[8]">PendSV_Handler</a> from startup_stm32f10x_md.o(.text) referenced from startup_stm32f10x_md.o(RESET)
 <LI><a href="#[f]">RCC_IRQHandler</a> from startup_stm32f10x_md.o(.text) referenced from startup_stm32f10x_md.o(RESET)
 <LI><a href="#[33]">RTCAlarm_IRQHandler</a> from startup_stm32f10x_md.o(.text) referenced from startup_stm32f10x_md.o(RESET)
 <LI><a href="#[d]">RTC_IRQHandler</a> from startup_stm32f10x_md.o(.text) referenced from startup_stm32f10x_md.o(RESET)
 <LI><a href="#[0]">Reset_Handler</a> from startup_stm32f10x_md.o(.text) referenced from startup_stm32f10x_md.o(RESET)
 <LI><a href="#[2d]">SPI1_IRQHandler</a> from startup_stm32f10x_md.o(.text) referenced from startup_stm32f10x_md.o(RESET)
 <LI><a href="#[2e]">SPI2_IRQHandler</a> from startup_stm32f10x_md.o(.text) referenced from startup_stm32f10x_md.o(RESET)
 <LI><a href="#[6]">SVC_Handler</a> from startup_stm32f10x_md.o(.text) referenced from startup_stm32f10x_md.o(RESET)
 <LI><a href="#[9]">SysTick_Handler</a> from startup_stm32f10x_md.o(.text) referenced from startup_stm32f10x_md.o(RESET)
 <LI><a href="#[35]">SystemInit</a> from system_stm32f10x.o(.text.SystemInit) referenced from startup_stm32f10x_md.o(.text)
 <LI><a href="#[c]">TAMPER_IRQHandler</a> from startup_stm32f10x_md.o(.text) referenced from startup_stm32f10x_md.o(RESET)
 <LI><a href="#[22]">TIM1_BRK_IRQHandler</a> from startup_stm32f10x_md.o(.text) referenced from startup_stm32f10x_md.o(RESET)
 <LI><a href="#[25]">TIM1_CC_IRQHandler</a> from startup_stm32f10x_md.o(.text) referenced from startup_stm32f10x_md.o(RESET)
 <LI><a href="#[24]">TIM1_TRG_COM_IRQHandler</a> from startup_stm32f10x_md.o(.text) referenced from startup_stm32f10x_md.o(RESET)
 <LI><a href="#[23]">TIM1_UP_IRQHandler</a> from startup_stm32f10x_md.o(.text) referenced from startup_stm32f10x_md.o(RESET)
 <LI><a href="#[26]">TIM2_IRQHandler</a> from startup_stm32f10x_md.o(.text) referenced from startup_stm32f10x_md.o(RESET)
 <LI><a href="#[27]">TIM3_IRQHandler</a> from startup_stm32f10x_md.o(.text) referenced from startup_stm32f10x_md.o(RESET)
 <LI><a href="#[28]">TIM4_IRQHandler</a> from startup_stm32f10x_md.o(.text) referenced from startup_stm32f10x_md.o(RESET)
 <LI><a href="#[2f]">USART1_IRQHandler</a> from startup_stm32f10x_md.o(.text) referenced from startup_stm32f10x_md.o(RESET)
 <LI><a href="#[30]">USART2_IRQHandler</a> from startup_stm32f10x_md.o(.text) referenced from startup_stm32f10x_md.o(RESET)
 <LI><a href="#[31]">USART3_IRQHandler</a> from startup_stm32f10x_md.o(.text) referenced from startup_stm32f10x_md.o(RESET)
 <LI><a href="#[34]">USBWakeUp_IRQHandler</a> from startup_stm32f10x_md.o(.text) referenced from startup_stm32f10x_md.o(RESET)
 <LI><a href="#[1d]">USB_HP_CAN1_TX_IRQHandler</a> from startup_stm32f10x_md.o(.text) referenced from startup_stm32f10x_md.o(RESET)
 <LI><a href="#[1e]">USB_LP_CAN1_RX0_IRQHandler</a> from startup_stm32f10x_md.o(.text) referenced from startup_stm32f10x_md.o(RESET)
 <LI><a href="#[5]">UsageFault_Handler</a> from startup_stm32f10x_md.o(.text) referenced from startup_stm32f10x_md.o(RESET)
 <LI><a href="#[a]">WWDG_IRQHandler</a> from startup_stm32f10x_md.o(.text) referenced from startup_stm32f10x_md.o(RESET)
 <LI><a href="#[36]">__main</a> from main.o(MYCODE) referenced from startup_stm32f10x_md.o(.text)
</UL>
<P>
<H3>
Global Symbols
</H3>
<P><STRONG><a name="[0]"></a>Reset_Handler</STRONG> (Thumb, 8 bytes, Stack size 0 bytes, startup_stm32f10x_md.o(.text))
<BR>[Address Reference Count : 1]<UL><LI> startup_stm32f10x_md.o(RESET)
</UL>
<P><STRONG><a name="[1]"></a>NMI_Handler</STRONG> (Thumb, 2 bytes, Stack size 0 bytes, startup_stm32f10x_md.o(.text))
<BR><BR>[Calls]<UL><LI><a href="#[1]">&gt;&gt;</a>&nbsp;&nbsp;&nbsp;NMI_Handler
</UL>
<BR>[Called By]<UL><LI><a href="#[1]">&gt;&gt;</a>&nbsp;&nbsp;&nbsp;NMI_Handler
</UL>
<BR>[Address Reference Count : 1]<UL><LI> startup_stm32f10x_md.o(RESET)
</UL>
<P><STRONG><a name="[2]"></a>HardFault_Handler</STRONG> (Thumb, 2 bytes, Stack size 0 bytes, startup_stm32f10x_md.o(.text))
<BR><BR>[Calls]<UL><LI><a href="#[2]">&gt;&gt;</a>&nbsp;&nbsp;&nbsp;HardFault_Handler
</UL>
<BR>[Called By]<UL><LI><a href="#[2]">&gt;&gt;</a>&nbsp;&nbsp;&nbsp;HardFault_Handler
</UL>
<BR>[Address Reference Count : 1]<UL><LI> startup_stm32f10x_md.o(RESET)
</UL>
<P><STRONG><a name="[3]"></a>MemManage_Handler</STRONG> (Thumb, 2 bytes, Stack size 0 bytes, startup_stm32f10x_md.o(.text))
<BR><BR>[Calls]<UL><LI><a href="#[3]">&gt;&gt;</a>&nbsp;&nbsp;&nbsp;MemManage_Handler
</UL>
<BR>[Called By]<UL><LI><a href="#[3]">&gt;&gt;</a>&nbsp;&nbsp;&nbsp;MemManage_Handler
</UL>
<BR>[Address Reference Count : 1]<UL><LI> startup_stm32f10x_md.o(RESET)
</UL>
<P><STRONG><a name="[4]"></a>BusFault_Handler</STRONG> (Thumb, 2 bytes, Stack size 0 bytes, startup_stm32f10x_md.o(.text))
<BR><BR>[Calls]<UL><LI><a href="#[4]">&gt;&gt;</a>&nbsp;&nbsp;&nbsp;BusFault_Handler
</UL>
<BR>[Called By]<UL><LI><a href="#[4]">&gt;&gt;</a>&nbsp;&nbsp;&nbsp;BusFault_Handler
</UL>
<BR>[Address Reference Count : 1]<UL><LI> startup_stm32f10x_md.o(RESET)
</UL>
<P><STRONG><a name="[5]"></a>UsageFault_Handler</STRONG> (Thumb, 2 bytes, Stack size 0 bytes, startup_stm32f10x_md.o(.text))
<BR><BR>[Calls]<UL><LI><a href="#[5]">&gt;&gt;</a>&nbsp;&nbsp;&nbsp;UsageFault_Handler
</UL>
<BR>[Called By]<UL><LI><a href="#[5]">&gt;&gt;</a>&nbsp;&nbsp;&nbsp;UsageFault_Handler
</UL>
<BR>[Address Reference Count : 1]<UL><LI> startup_stm32f10x_md.o(RESET)
</UL>
<P><STRONG><a name="[6]"></a>SVC_Handler</STRONG> (Thumb, 2 bytes, Stack size 0 bytes, startup_stm32f10x_md.o(.text))
<BR><BR>[Calls]<UL><LI><a href="#[6]">&gt;&gt;</a>&nbsp;&nbsp;&nbsp;SVC_Handler
</UL>
<BR>[Called By]<UL><LI><a href="#[6]">&gt;&gt;</a>&nbsp;&nbsp;&nbsp;SVC_Handler
</UL>
<BR>[Address Reference Count : 1]<UL><LI> startup_stm32f10x_md.o(RESET)
</UL>
<P><STRONG><a name="[7]"></a>DebugMon_Handler</STRONG> (Thumb, 2 bytes, Stack size 0 bytes, startup_stm32f10x_md.o(.text))
<BR><BR>[Calls]<UL><LI><a href="#[7]">&gt;&gt;</a>&nbsp;&nbsp;&nbsp;DebugMon_Handler
</UL>
<BR>[Called By]<UL><LI><a href="#[7]">&gt;&gt;</a>&nbsp;&nbsp;&nbsp;DebugMon_Handler
</UL>
<BR>[Address Reference Count : 1]<UL><LI> startup_stm32f10x_md.o(RESET)
</UL>
<P><STRONG><a name="[8]"></a>PendSV_Handler</STRONG> (Thumb, 2 bytes, Stack size 0 bytes, startup_stm32f10x_md.o(.text))
<BR><BR>[Calls]<UL><LI><a href="#[8]">&gt;&gt;</a>&nbsp;&nbsp;&nbsp;PendSV_Handler
</UL>
<BR>[Called By]<UL><LI><a href="#[8]">&gt;&gt;</a>&nbsp;&nbsp;&nbsp;PendSV_Handler
</UL>
<BR>[Address Reference Count : 1]<UL><LI> startup_stm32f10x_md.o(RESET)
</UL>
<P><STRONG><a name="[9]"></a>SysTick_Handler</STRONG> (Thumb, 2 bytes, Stack size 0 bytes, startup_stm32f10x_md.o(.text))
<BR><BR>[Calls]<UL><LI><a href="#[9]">&gt;&gt;</a>&nbsp;&nbsp;&nbsp;SysTick_Handler
</UL>
<BR>[Called By]<UL><LI><a href="#[9]">&gt;&gt;</a>&nbsp;&nbsp;&nbsp;SysTick_Handler
</UL>
<BR>[Address Reference Count : 1]<UL><LI> startup_stm32f10x_md.o(RESET)
</UL>
<P><STRONG><a name="[1c]"></a>ADC1_2_IRQHandler</STRONG> (Thumb, 0 bytes, Stack size 0 bytes, startup_stm32f10x_md.o(.text))
<BR><BR>[Calls]<UL><LI><a href="#[1c]">&gt;&gt;</a>&nbsp;&nbsp;&nbsp;ADC1_2_IRQHandler
</UL>
<BR>[Called By]<UL><LI><a href="#[1c]">&gt;&gt;</a>&nbsp;&nbsp;&nbsp;ADC1_2_IRQHandler
</UL>
<BR>[Address Reference Count : 1]<UL><LI> startup_stm32f10x_md.o(RESET)
</UL>
<P><STRONG><a name="[1f]"></a>CAN1_RX1_IRQHandler</STRONG> (Thumb, 0 bytes, Stack size 0 bytes, startup_stm32f10x_md.o(.text))
<BR>[Address Reference Count : 1]<UL><LI> startup_stm32f10x_md.o(RESET)
</UL>
<P><STRONG><a name="[20]"></a>CAN1_SCE_IRQHandler</STRONG> (Thumb, 0 bytes, Stack size 0 bytes, startup_stm32f10x_md.o(.text))
<BR>[Address Reference Count : 1]<UL><LI> startup_stm32f10x_md.o(RESET)
</UL>
<P><STRONG><a name="[15]"></a>DMA1_Channel1_IRQHandler</STRONG> (Thumb, 0 bytes, Stack size 0 bytes, startup_stm32f10x_md.o(.text))
<BR>[Address Reference Count : 1]<UL><LI> startup_stm32f10x_md.o(RESET)
</UL>
<P><STRONG><a name="[16]"></a>DMA1_Channel2_IRQHandler</STRONG> (Thumb, 0 bytes, Stack size 0 bytes, startup_stm32f10x_md.o(.text))
<BR>[Address Reference Count : 1]<UL><LI> startup_stm32f10x_md.o(RESET)
</UL>
<P><STRONG><a name="[17]"></a>DMA1_Channel3_IRQHandler</STRONG> (Thumb, 0 bytes, Stack size 0 bytes, startup_stm32f10x_md.o(.text))
<BR>[Address Reference Count : 1]<UL><LI> startup_stm32f10x_md.o(RESET)
</UL>
<P><STRONG><a name="[18]"></a>DMA1_Channel4_IRQHandler</STRONG> (Thumb, 0 bytes, Stack size 0 bytes, startup_stm32f10x_md.o(.text))
<BR>[Address Reference Count : 1]<UL><LI> startup_stm32f10x_md.o(RESET)
</UL>
<P><STRONG><a name="[19]"></a>DMA1_Channel5_IRQHandler</STRONG> (Thumb, 0 bytes, Stack size 0 bytes, startup_stm32f10x_md.o(.text))
<BR>[Address Reference Count : 1]<UL><LI> startup_stm32f10x_md.o(RESET)
</UL>
<P><STRONG><a name="[1a]"></a>DMA1_Channel6_IRQHandler</STRONG> (Thumb, 0 bytes, Stack size 0 bytes, startup_stm32f10x_md.o(.text))
<BR>[Address Reference Count : 1]<UL><LI> startup_stm32f10x_md.o(RESET)
</UL>
<P><STRONG><a name="[1b]"></a>DMA1_Channel7_IRQHandler</STRONG> (Thumb, 0 bytes, Stack size 0 bytes, startup_stm32f10x_md.o(.text))
<BR>[Address Reference Count : 1]<UL><LI> startup_stm32f10x_md.o(RESET)
</UL>
<P><STRONG><a name="[10]"></a>EXTI0_IRQHandler</STRONG> (Thumb, 0 bytes, Stack size 0 bytes, startup_stm32f10x_md.o(.text))
<BR>[Address Reference Count : 1]<UL><LI> startup_stm32f10x_md.o(RESET)
</UL>
<P><STRONG><a name="[32]"></a>EXTI15_10_IRQHandler</STRONG> (Thumb, 0 bytes, Stack size 0 bytes, startup_stm32f10x_md.o(.text))
<BR>[Address Reference Count : 1]<UL><LI> startup_stm32f10x_md.o(RESET)
</UL>
<P><STRONG><a name="[11]"></a>EXTI1_IRQHandler</STRONG> (Thumb, 0 bytes, Stack size 0 bytes, startup_stm32f10x_md.o(.text))
<BR>[Address Reference Count : 1]<UL><LI> startup_stm32f10x_md.o(RESET)
</UL>
<P><STRONG><a name="[12]"></a>EXTI2_IRQHandler</STRONG> (Thumb, 0 bytes, Stack size 0 bytes, startup_stm32f10x_md.o(.text))
<BR>[Address Reference Count : 1]<UL><LI> startup_stm32f10x_md.o(RESET)
</UL>
<P><STRONG><a name="[13]"></a>EXTI3_IRQHandler</STRONG> (Thumb, 0 bytes, Stack size 0 bytes, startup_stm32f10x_md.o(.text))
<BR>[Address Reference Count : 1]<UL><LI> startup_stm32f10x_md.o(RESET)
</UL>
<P><STRONG><a name="[14]"></a>EXTI4_IRQHandler</STRONG> (Thumb, 0 bytes, Stack size 0 bytes, startup_stm32f10x_md.o(.text))
<BR>[Address Reference Count : 1]<UL><LI> startup_stm32f10x_md.o(RESET)
</UL>
<P><STRONG><a name="[21]"></a>EXTI9_5_IRQHandler</STRONG> (Thumb, 0 bytes, Stack size 0 bytes, startup_stm32f10x_md.o(.text))
<BR>[Address Reference Count : 1]<UL><LI> startup_stm32f10x_md.o(RESET)
</UL>
<P><STRONG><a name="[e]"></a>FLASH_IRQHandler</STRONG> (Thumb, 0 bytes, Stack size 0 bytes, startup_stm32f10x_md.o(.text))
<BR>[Address Reference Count : 1]<UL><LI> startup_stm32f10x_md.o(RESET)
</UL>
<P><STRONG><a name="[2a]"></a>I2C1_ER_IRQHandler</STRONG> (Thumb, 0 bytes, Stack size 0 bytes, startup_stm32f10x_md.o(.text))
<BR>[Address Reference Count : 1]<UL><LI> startup_stm32f10x_md.o(RESET)
</UL>
<P><STRONG><a name="[29]"></a>I2C1_EV_IRQHandler</STRONG> (Thumb, 0 bytes, Stack size 0 bytes, startup_stm32f10x_md.o(.text))
<BR>[Address Reference Count : 1]<UL><LI> startup_stm32f10x_md.o(RESET)
</UL>
<P><STRONG><a name="[2c]"></a>I2C2_ER_IRQHandler</STRONG> (Thumb, 0 bytes, Stack size 0 bytes, startup_stm32f10x_md.o(.text))
<BR>[Address Reference Count : 1]<UL><LI> startup_stm32f10x_md.o(RESET)
</UL>
<P><STRONG><a name="[2b]"></a>I2C2_EV_IRQHandler</STRONG> (Thumb, 0 bytes, Stack size 0 bytes, startup_stm32f10x_md.o(.text))
<BR>[Address Reference Count : 1]<UL><LI> startup_stm32f10x_md.o(RESET)
</UL>
<P><STRONG><a name="[b]"></a>PVD_IRQHandler</STRONG> (Thumb, 0 bytes, Stack size 0 bytes, startup_stm32f10x_md.o(.text))
<BR>[Address Reference Count : 1]<UL><LI> startup_stm32f10x_md.o(RESET)
</UL>
<P><STRONG><a name="[f]"></a>RCC_IRQHandler</STRONG> (Thumb, 0 bytes, Stack size 0 bytes, startup_stm32f10x_md.o(.text))
<BR>[Address Reference Count : 1]<UL><LI> startup_stm32f10x_md.o(RESET)
</UL>
<P><STRONG><a name="[33]"></a>RTCAlarm_IRQHandler</STRONG> (Thumb, 0 bytes, Stack size 0 bytes, startup_stm32f10x_md.o(.text))
<BR>[Address Reference Count : 1]<UL><LI> startup_stm32f10x_md.o(RESET)
</UL>
<P><STRONG><a name="[d]"></a>RTC_IRQHandler</STRONG> (Thumb, 0 bytes, Stack size 0 bytes, startup_stm32f10x_md.o(.text))
<BR>[Address Reference Count : 1]<UL><LI> startup_stm32f10x_md.o(RESET)
</UL>
<P><STRONG><a name="[2d]"></a>SPI1_IRQHandler</STRONG> (Thumb, 0 bytes, Stack size 0 bytes, startup_stm32f10x_md.o(.text))
<BR>[Address Reference Count : 1]<UL><LI> startup_stm32f10x_md.o(RESET)
</UL>
<P><STRONG><a name="[2e]"></a>SPI2_IRQHandler</STRONG> (Thumb, 0 bytes, Stack size 0 bytes, startup_stm32f10x_md.o(.text))
<BR>[Address Reference Count : 1]<UL><LI> startup_stm32f10x_md.o(RESET)
</UL>
<P><STRONG><a name="[c]"></a>TAMPER_IRQHandler</STRONG> (Thumb, 0 bytes, Stack size 0 bytes, startup_stm32f10x_md.o(.text))
<BR>[Address Reference Count : 1]<UL><LI> startup_stm32f10x_md.o(RESET)
</UL>
<P><STRONG><a name="[22]"></a>TIM1_BRK_IRQHandler</STRONG> (Thumb, 0 bytes, Stack size 0 bytes, startup_stm32f10x_md.o(.text))
<BR>[Address Reference Count : 1]<UL><LI> startup_stm32f10x_md.o(RESET)
</UL>
<P><STRONG><a name="[25]"></a>TIM1_CC_IRQHandler</STRONG> (Thumb, 0 bytes, Stack size 0 bytes, startup_stm32f10x_md.o(.text))
<BR>[Address Reference Count : 1]<UL><LI> startup_stm32f10x_md.o(RESET)
</UL>
<P><STRONG><a name="[24]"></a>TIM1_TRG_COM_IRQHandler</STRONG> (Thumb, 0 bytes, Stack size 0 bytes, startup_stm32f10x_md.o(.text))
<BR>[Address Reference Count : 1]<UL><LI> startup_stm32f10x_md.o(RESET)
</UL>
<P><STRONG><a name="[23]"></a>TIM1_UP_IRQHandler</STRONG> (Thumb, 0 bytes, Stack size 0 bytes, startup_stm32f10x_md.o(.text))
<BR>[Address Reference Count : 1]<UL><LI> startup_stm32f10x_md.o(RESET)
</UL>
<P><STRONG><a name="[26]"></a>TIM2_IRQHandler</STRONG> (Thumb, 0 bytes, Stack size 0 bytes, startup_stm32f10x_md.o(.text))
<BR>[Address Reference Count : 1]<UL><LI> startup_stm32f10x_md.o(RESET)
</UL>
<P><STRONG><a name="[27]"></a>TIM3_IRQHandler</STRONG> (Thumb, 0 bytes, Stack size 0 bytes, startup_stm32f10x_md.o(.text))
<BR>[Address Reference Count : 1]<UL><LI> startup_stm32f10x_md.o(RESET)
</UL>
<P><STRONG><a name="[28]"></a>TIM4_IRQHandler</STRONG> (Thumb, 0 bytes, Stack size 0 bytes, startup_stm32f10x_md.o(.text))
<BR>[Address Reference Count : 1]<UL><LI> startup_stm32f10x_md.o(RESET)
</UL>
<P><STRONG><a name="[2f]"></a>USART1_IRQHandler</STRONG> (Thumb, 0 bytes, Stack size 0 bytes, startup_stm32f10x_md.o(.text))
<BR>[Address Reference Count : 1]<UL><LI> startup_stm32f10x_md.o(RESET)
</UL>
<P><STRONG><a name="[30]"></a>USART2_IRQHandler</STRONG> (Thumb, 0 bytes, Stack size 0 bytes, startup_stm32f10x_md.o(.text))
<BR>[Address Reference Count : 1]<UL><LI> startup_stm32f10x_md.o(RESET)
</UL>
<P><STRONG><a name="[31]"></a>USART3_IRQHandler</STRONG> (Thumb, 0 bytes, Stack size 0 bytes, startup_stm32f10x_md.o(.text))
<BR>[Address Reference Count : 1]<UL><LI> startup_stm32f10x_md.o(RESET)
</UL>
<P><STRONG><a name="[34]"></a>USBWakeUp_IRQHandler</STRONG> (Thumb, 0 bytes, Stack size 0 bytes, startup_stm32f10x_md.o(.text))
<BR>[Address Reference Count : 1]<UL><LI> startup_stm32f10x_md.o(RESET)
</UL>
<P><STRONG><a name="[1d]"></a>USB_HP_CAN1_TX_IRQHandler</STRONG> (Thumb, 0 bytes, Stack size 0 bytes, startup_stm32f10x_md.o(.text))
<BR>[Address Reference Count : 1]<UL><LI> startup_stm32f10x_md.o(RESET)
</UL>
<P><STRONG><a name="[1e]"></a>USB_LP_CAN1_RX0_IRQHandler</STRONG> (Thumb, 0 bytes, Stack size 0 bytes, startup_stm32f10x_md.o(.text))
<BR>[Address Reference Count : 1]<UL><LI> startup_stm32f10x_md.o(RESET)
</UL>
<P><STRONG><a name="[a]"></a>WWDG_IRQHandler</STRONG> (Thumb, 0 bytes, Stack size 0 bytes, startup_stm32f10x_md.o(.text))
<BR>[Address Reference Count : 1]<UL><LI> startup_stm32f10x_md.o(RESET)
</UL>
<P><STRONG><a name="[aa]"></a>__user_initial_stackheap</STRONG> (Thumb, 0 bytes, Stack size unknown bytes, startup_stm32f10x_md.o(.text), UNUSED, KEPT)

<P><STRONG><a name="[ad]"></a>__use_two_region_memory</STRONG> (Thumb, 2 bytes, Stack size 0 bytes, heapauxi.o(.text), UNUSED)

<P><STRONG><a name="[ae]"></a>__rt_heap_escrow$2region</STRONG> (Thumb, 2 bytes, Stack size 0 bytes, heapauxi.o(.text), UNUSED)

<P><STRONG><a name="[af]"></a>__rt_heap_expand$2region</STRONG> (Thumb, 2 bytes, Stack size 0 bytes, heapauxi.o(.text), UNUSED)

<P><STRONG><a name="[35]"></a>SystemInit</STRONG> (Thumb, 102 bytes, Stack size 8 bytes, system_stm32f10x.o(.text.SystemInit))
<BR><BR>[Stack]<UL><LI>Max Depth = 32<LI>Call Chain = SystemInit &rArr; SetSysClock &rArr; SetSysClockTo72
</UL>
<BR>[Calls]<UL><LI><a href="#[ab]">&gt;&gt;</a>&nbsp;&nbsp;&nbsp;SetSysClock
</UL>
<BR>[Address Reference Count : 1]<UL><LI> startup_stm32f10x_md.o(.text)
</UL>
<P><STRONG><a name="[36]"></a>__main</STRONG> (Thumb, 8 bytes, Stack size 0 bytes, main.o(MYCODE))
<BR><BR>[Calls]<UL><LI><a href="#[a4]">&gt;&gt;</a>&nbsp;&nbsp;&nbsp;SETUP
</UL>
<BR>[Address Reference Count : 1]<UL><LI> startup_stm32f10x_md.o(.text)
</UL><P>
<H3>
Local Symbols
</H3>
<P><STRONG><a name="[37]"></a>INC_LAST_YS</STRONG> (Thumb, 36 bytes, Stack size 0 bytes, function.o(MYCODE), UNUSED, KEPT)

<P><STRONG><a name="[38]"></a>FIND_GREATEST_LAST_Y</STRONG> (Thumb, 46 bytes, Stack size 0 bytes, function.o(MYCODE), UNUSED, KEPT)

<P><STRONG><a name="[39]"></a>DETECT_BRICK_COLLISON</STRONG> (Thumb, 304 bytes, Stack size 0 bytes, function.o(MYCODE), UNUSED, KEPT)
<BR><BR>[Calls]<UL><LI><a href="#[3a]">&gt;&gt;</a>&nbsp;&nbsp;&nbsp;COVER_BRICK
</UL>

<P><STRONG><a name="[3a]"></a>COVER_BRICK</STRONG> (Thumb, 24 bytes, Stack size 0 bytes, function.o(MYCODE), UNUSED, KEPT)
<BR><BR>[Called By]<UL><LI><a href="#[39]">&gt;&gt;</a>&nbsp;&nbsp;&nbsp;DETECT_BRICK_COLLISON
</UL>

<P><STRONG><a name="[3b]"></a>DRAW_BALL</STRONG> (Thumb, 76 bytes, Stack size 0 bytes, function.o(MYCODE), UNUSED, KEPT)
<BR><BR>[Called By]<UL><LI><a href="#[42]">&gt;&gt;</a>&nbsp;&nbsp;&nbsp;UPDATE_BALL_POSITION
</UL>

<P><STRONG><a name="[3c]"></a>DRAW_BLACK</STRONG> (Thumb, 32 bytes, Stack size 0 bytes, function.o(MYCODE), UNUSED, KEPT)

<P><STRONG><a name="[3d]"></a>DRAW_BRICKS2</STRONG> (Thumb, 112 bytes, Stack size 0 bytes, function.o(MYCODE), UNUSED, KEPT)

<P><STRONG><a name="[3e]"></a>DRAW_PAD</STRONG> (Thumb, 68 bytes, Stack size 0 bytes, function.o(MYCODE), UNUSED, KEPT)
<BR><BR>[Called By]<UL><LI><a href="#[41]">&gt;&gt;</a>&nbsp;&nbsp;&nbsp;MOVE_PAD_RIGHT
<LI><a href="#[3f]">&gt;&gt;</a>&nbsp;&nbsp;&nbsp;MOVE_PAD_LEFT
</UL>

<P><STRONG><a name="[3f]"></a>MOVE_PAD_LEFT</STRONG> (Thumb, 64 bytes, Stack size 0 bytes, function.o(MYCODE), UNUSED, KEPT)
<BR><BR>[Calls]<UL><LI><a href="#[3e]">&gt;&gt;</a>&nbsp;&nbsp;&nbsp;DRAW_PAD
</UL>

<P><STRONG><a name="[40]"></a>UPDATE_SCORE</STRONG> (Thumb, 772 bytes, Stack size 0 bytes, function.o(MYCODE), UNUSED, KEPT)
<BR><BR>[Calls]<UL><LI><a href="#[64]">&gt;&gt;</a>&nbsp;&nbsp;&nbsp;DRAW_2
<LI><a href="#[63]">&gt;&gt;</a>&nbsp;&nbsp;&nbsp;DRAW_1
<LI><a href="#[62]">&gt;&gt;</a>&nbsp;&nbsp;&nbsp;DRAW_0
</UL>

<P><STRONG><a name="[41]"></a>MOVE_PAD_RIGHT</STRONG> (Thumb, 68 bytes, Stack size 0 bytes, function.o(MYCODE), UNUSED, KEPT)
<BR><BR>[Calls]<UL><LI><a href="#[3e]">&gt;&gt;</a>&nbsp;&nbsp;&nbsp;DRAW_PAD
</UL>

<P><STRONG><a name="[42]"></a>UPDATE_BALL_POSITION</STRONG> (Thumb, 218 bytes, Stack size 0 bytes, function.o(MYCODE), UNUSED, KEPT)
<BR><BR>[Calls]<UL><LI><a href="#[3b]">&gt;&gt;</a>&nbsp;&nbsp;&nbsp;DRAW_BALL
</UL>

<P><STRONG><a name="[43]"></a>SELECT_2</STRONG> (Thumb, 112 bytes, Stack size 0 bytes, function.o(MYCODE), UNUSED, KEPT)
<BR><BR>[Calls]<UL><LI><a href="#[64]">&gt;&gt;</a>&nbsp;&nbsp;&nbsp;DRAW_2
</UL>

<P><STRONG><a name="[44]"></a>DRAW_GAME_2</STRONG> (Thumb, 112 bytes, Stack size 0 bytes, function.o(MYCODE), UNUSED, KEPT)
<BR><BR>[Calls]<UL><LI><a href="#[64]">&gt;&gt;</a>&nbsp;&nbsp;&nbsp;DRAW_2
</UL>

<P><STRONG><a name="[45]"></a>SELECT_1</STRONG> (Thumb, 112 bytes, Stack size 0 bytes, function.o(MYCODE), UNUSED, KEPT)
<BR><BR>[Calls]<UL><LI><a href="#[63]">&gt;&gt;</a>&nbsp;&nbsp;&nbsp;DRAW_1
</UL>

<P><STRONG><a name="[46]"></a>DRAW_GAME_1</STRONG> (Thumb, 112 bytes, Stack size 0 bytes, function.o(MYCODE), UNUSED, KEPT)
<BR><BR>[Calls]<UL><LI><a href="#[63]">&gt;&gt;</a>&nbsp;&nbsp;&nbsp;DRAW_1
</UL>

<P><STRONG><a name="[47]"></a>GAMEOVERC4</STRONG> (Thumb, 482 bytes, Stack size 0 bytes, function.o(MYCODE), UNUSED, KEPT)
<BR><BR>[Calls]<UL><LI><a href="#[68]">&gt;&gt;</a>&nbsp;&nbsp;&nbsp;DRAW_D
<LI><a href="#[67]">&gt;&gt;</a>&nbsp;&nbsp;&nbsp;DRAW_L
<LI><a href="#[65]">&gt;&gt;</a>&nbsp;&nbsp;&nbsp;DRAW_Y
<LI><a href="#[62]">&gt;&gt;</a>&nbsp;&nbsp;&nbsp;DRAW_0
<LI><a href="#[5c]">&gt;&gt;</a>&nbsp;&nbsp;&nbsp;DRAW_BLACKCOIN_WITH_ARROW
</UL>
<BR>[Called By]<UL><LI><a href="#[4d]">&gt;&gt;</a>&nbsp;&nbsp;&nbsp;CHECK_HORIZONTAL
<LI><a href="#[4c]">&gt;&gt;</a>&nbsp;&nbsp;&nbsp;CHECK_VERTICAL
<LI><a href="#[4b]">&gt;&gt;</a>&nbsp;&nbsp;&nbsp;CHECK_DIAGONAL1
<LI><a href="#[4a]">&gt;&gt;</a>&nbsp;&nbsp;&nbsp;CHECK_DIAGONAL2
</UL>

<P><STRONG><a name="[48]"></a>CHECK_TIE</STRONG> (Thumb, 22 bytes, Stack size 0 bytes, function.o(MYCODE), UNUSED, KEPT)
<BR><BR>[Calls]<UL><LI><a href="#[62]">&gt;&gt;</a>&nbsp;&nbsp;&nbsp;DRAW_0
<LI><a href="#[5c]">&gt;&gt;</a>&nbsp;&nbsp;&nbsp;DRAW_BLACKCOIN_WITH_ARROW
</UL>

<P><STRONG><a name="[49]"></a>CHECK_WON</STRONG> (Thumb, 24 bytes, Stack size 0 bytes, function.o(MYCODE), UNUSED, KEPT)
<BR><BR>[Calls]<UL><LI><a href="#[4d]">&gt;&gt;</a>&nbsp;&nbsp;&nbsp;CHECK_HORIZONTAL
<LI><a href="#[4c]">&gt;&gt;</a>&nbsp;&nbsp;&nbsp;CHECK_VERTICAL
<LI><a href="#[4b]">&gt;&gt;</a>&nbsp;&nbsp;&nbsp;CHECK_DIAGONAL1
<LI><a href="#[4a]">&gt;&gt;</a>&nbsp;&nbsp;&nbsp;CHECK_DIAGONAL2
</UL>

<P><STRONG><a name="[4a]"></a>CHECK_DIAGONAL2</STRONG> (Thumb, 232 bytes, Stack size 0 bytes, function.o(MYCODE), UNUSED, KEPT)
<BR><BR>[Calls]<UL><LI><a href="#[47]">&gt;&gt;</a>&nbsp;&nbsp;&nbsp;GAMEOVERC4
</UL>
<BR>[Called By]<UL><LI><a href="#[49]">&gt;&gt;</a>&nbsp;&nbsp;&nbsp;CHECK_WON
</UL>

<P><STRONG><a name="[4b]"></a>CHECK_DIAGONAL1</STRONG> (Thumb, 236 bytes, Stack size 0 bytes, function.o(MYCODE), UNUSED, KEPT)
<BR><BR>[Calls]<UL><LI><a href="#[47]">&gt;&gt;</a>&nbsp;&nbsp;&nbsp;GAMEOVERC4
</UL>
<BR>[Called By]<UL><LI><a href="#[49]">&gt;&gt;</a>&nbsp;&nbsp;&nbsp;CHECK_WON
</UL>

<P><STRONG><a name="[4c]"></a>CHECK_VERTICAL</STRONG> (Thumb, 236 bytes, Stack size 0 bytes, function.o(MYCODE), UNUSED, KEPT)
<BR><BR>[Calls]<UL><LI><a href="#[47]">&gt;&gt;</a>&nbsp;&nbsp;&nbsp;GAMEOVERC4
</UL>
<BR>[Called By]<UL><LI><a href="#[49]">&gt;&gt;</a>&nbsp;&nbsp;&nbsp;CHECK_WON
</UL>

<P><STRONG><a name="[4d]"></a>CHECK_HORIZONTAL</STRONG> (Thumb, 244 bytes, Stack size 0 bytes, function.o(MYCODE), UNUSED, KEPT)
<BR><BR>[Calls]<UL><LI><a href="#[47]">&gt;&gt;</a>&nbsp;&nbsp;&nbsp;GAMEOVERC4
</UL>
<BR>[Called By]<UL><LI><a href="#[49]">&gt;&gt;</a>&nbsp;&nbsp;&nbsp;CHECK_WON
</UL>

<P><STRONG><a name="[4e]"></a>INSERT</STRONG> (Thumb, 124 bytes, Stack size 0 bytes, function.o(MYCODE), UNUSED, KEPT)
<BR><BR>[Calls]<UL><LI><a href="#[4f]">&gt;&gt;</a>&nbsp;&nbsp;&nbsp;INSERT_IN_ARRAY
</UL>

<P><STRONG><a name="[4f]"></a>INSERT_IN_ARRAY</STRONG> (Thumb, 284 bytes, Stack size 0 bytes, function.o(MYCODE), UNUSED, KEPT)
<BR><BR>[Calls]<UL><LI><a href="#[5b]">&gt;&gt;</a>&nbsp;&nbsp;&nbsp;DRAW_ROW6_COIN
<LI><a href="#[5a]">&gt;&gt;</a>&nbsp;&nbsp;&nbsp;DRAW_ROW5_COIN
<LI><a href="#[59]">&gt;&gt;</a>&nbsp;&nbsp;&nbsp;DRAW_ROW4_COIN
<LI><a href="#[58]">&gt;&gt;</a>&nbsp;&nbsp;&nbsp;DRAW_ROW3_COIN
<LI><a href="#[57]">&gt;&gt;</a>&nbsp;&nbsp;&nbsp;DRAW_ROW2_COIN
<LI><a href="#[56]">&gt;&gt;</a>&nbsp;&nbsp;&nbsp;DRAW_ROW1_COIN
<LI><a href="#[50]">&gt;&gt;</a>&nbsp;&nbsp;&nbsp;SWITCH_COLOR
</UL>
<BR>[Called By]<UL><LI><a href="#[4e]">&gt;&gt;</a>&nbsp;&nbsp;&nbsp;INSERT
</UL>

<P><STRONG><a name="[50]"></a>SWITCH_COLOR</STRONG> (Thumb, 56 bytes, Stack size 0 bytes, function.o(MYCODE), UNUSED, KEPT)
<BR><BR>[Calls]<UL><LI><a href="#[60]">&gt;&gt;</a>&nbsp;&nbsp;&nbsp;DRAW_ARROW
<LI><a href="#[5e]">&gt;&gt;</a>&nbsp;&nbsp;&nbsp;DrawRedPlayersCoin
<LI><a href="#[5d]">&gt;&gt;</a>&nbsp;&nbsp;&nbsp;DrawYellowPlayersCoin
<LI><a href="#[53]">&gt;&gt;</a>&nbsp;&nbsp;&nbsp;YELLOW_TURN
<LI><a href="#[52]">&gt;&gt;</a>&nbsp;&nbsp;&nbsp;RED_TURN
</UL>
<BR>[Called By]<UL><LI><a href="#[4f]">&gt;&gt;</a>&nbsp;&nbsp;&nbsp;INSERT_IN_ARRAY
</UL>

<P><STRONG><a name="[51]"></a>INTIALIZE_VARIABLES</STRONG> (Thumb, 596 bytes, Stack size 0 bytes, function.o(MYCODE), UNUSED, KEPT)

<P><STRONG><a name="[52]"></a>RED_TURN</STRONG> (Thumb, 124 bytes, Stack size 0 bytes, function.o(MYCODE), UNUSED, KEPT)
<BR><BR>[Calls]<UL><LI><a href="#[68]">&gt;&gt;</a>&nbsp;&nbsp;&nbsp;DRAW_D
<LI><a href="#[66]">&gt;&gt;</a>&nbsp;&nbsp;&nbsp;DRAW_U
<LI><a href="#[5f]">&gt;&gt;</a>&nbsp;&nbsp;&nbsp;HIDE_COLOR_TURN
</UL>
<BR>[Called By]<UL><LI><a href="#[5b]">&gt;&gt;</a>&nbsp;&nbsp;&nbsp;DRAW_ROW6_COIN
<LI><a href="#[5a]">&gt;&gt;</a>&nbsp;&nbsp;&nbsp;DRAW_ROW5_COIN
<LI><a href="#[59]">&gt;&gt;</a>&nbsp;&nbsp;&nbsp;DRAW_ROW4_COIN
<LI><a href="#[58]">&gt;&gt;</a>&nbsp;&nbsp;&nbsp;DRAW_ROW3_COIN
<LI><a href="#[57]">&gt;&gt;</a>&nbsp;&nbsp;&nbsp;DRAW_ROW2_COIN
<LI><a href="#[56]">&gt;&gt;</a>&nbsp;&nbsp;&nbsp;DRAW_ROW1_COIN
<LI><a href="#[50]">&gt;&gt;</a>&nbsp;&nbsp;&nbsp;SWITCH_COLOR
</UL>

<P><STRONG><a name="[53]"></a>YELLOW_TURN</STRONG> (Thumb, 124 bytes, Stack size 0 bytes, function.o(MYCODE), UNUSED, KEPT)
<BR><BR>[Calls]<UL><LI><a href="#[67]">&gt;&gt;</a>&nbsp;&nbsp;&nbsp;DRAW_L
<LI><a href="#[66]">&gt;&gt;</a>&nbsp;&nbsp;&nbsp;DRAW_U
<LI><a href="#[65]">&gt;&gt;</a>&nbsp;&nbsp;&nbsp;DRAW_Y
<LI><a href="#[5f]">&gt;&gt;</a>&nbsp;&nbsp;&nbsp;HIDE_COLOR_TURN
</UL>
<BR>[Called By]<UL><LI><a href="#[5b]">&gt;&gt;</a>&nbsp;&nbsp;&nbsp;DRAW_ROW6_COIN
<LI><a href="#[5a]">&gt;&gt;</a>&nbsp;&nbsp;&nbsp;DRAW_ROW5_COIN
<LI><a href="#[59]">&gt;&gt;</a>&nbsp;&nbsp;&nbsp;DRAW_ROW4_COIN
<LI><a href="#[58]">&gt;&gt;</a>&nbsp;&nbsp;&nbsp;DRAW_ROW3_COIN
<LI><a href="#[57]">&gt;&gt;</a>&nbsp;&nbsp;&nbsp;DRAW_ROW2_COIN
<LI><a href="#[56]">&gt;&gt;</a>&nbsp;&nbsp;&nbsp;DRAW_ROW1_COIN
<LI><a href="#[50]">&gt;&gt;</a>&nbsp;&nbsp;&nbsp;SWITCH_COLOR
</UL>

<P><STRONG><a name="[54]"></a>MOVE_RIGHT</STRONG> (Thumb, 94 bytes, Stack size 0 bytes, function.o(MYCODE), UNUSED, KEPT)
<BR><BR>[Calls]<UL><LI><a href="#[60]">&gt;&gt;</a>&nbsp;&nbsp;&nbsp;DRAW_ARROW
<LI><a href="#[5e]">&gt;&gt;</a>&nbsp;&nbsp;&nbsp;DrawRedPlayersCoin
<LI><a href="#[5d]">&gt;&gt;</a>&nbsp;&nbsp;&nbsp;DrawYellowPlayersCoin
<LI><a href="#[5c]">&gt;&gt;</a>&nbsp;&nbsp;&nbsp;DRAW_BLACKCOIN_WITH_ARROW
</UL>

<P><STRONG><a name="[55]"></a>MOVE_LEFT</STRONG> (Thumb, 80 bytes, Stack size 0 bytes, function.o(MYCODE), UNUSED, KEPT)
<BR><BR>[Calls]<UL><LI><a href="#[60]">&gt;&gt;</a>&nbsp;&nbsp;&nbsp;DRAW_ARROW
<LI><a href="#[5e]">&gt;&gt;</a>&nbsp;&nbsp;&nbsp;DrawRedPlayersCoin
<LI><a href="#[5d]">&gt;&gt;</a>&nbsp;&nbsp;&nbsp;DrawYellowPlayersCoin
<LI><a href="#[5c]">&gt;&gt;</a>&nbsp;&nbsp;&nbsp;DRAW_BLACKCOIN_WITH_ARROW
</UL>

<P><STRONG><a name="[56]"></a>DRAW_ROW1_COIN</STRONG> (Thumb, 50 bytes, Stack size 0 bytes, function.o(MYCODE), UNUSED, KEPT)
<BR><BR>[Calls]<UL><LI><a href="#[5e]">&gt;&gt;</a>&nbsp;&nbsp;&nbsp;DrawRedPlayersCoin
<LI><a href="#[5d]">&gt;&gt;</a>&nbsp;&nbsp;&nbsp;DrawYellowPlayersCoin
<LI><a href="#[53]">&gt;&gt;</a>&nbsp;&nbsp;&nbsp;YELLOW_TURN
<LI><a href="#[52]">&gt;&gt;</a>&nbsp;&nbsp;&nbsp;RED_TURN
</UL>
<BR>[Called By]<UL><LI><a href="#[57]">&gt;&gt;</a>&nbsp;&nbsp;&nbsp;DRAW_ROW2_COIN
<LI><a href="#[4f]">&gt;&gt;</a>&nbsp;&nbsp;&nbsp;INSERT_IN_ARRAY
</UL>

<P><STRONG><a name="[57]"></a>DRAW_ROW2_COIN</STRONG> (Thumb, 70 bytes, Stack size 0 bytes, function.o(MYCODE), UNUSED, KEPT)
<BR><BR>[Calls]<UL><LI><a href="#[6e]">&gt;&gt;</a>&nbsp;&nbsp;&nbsp;delay_10_milli_second
<LI><a href="#[5e]">&gt;&gt;</a>&nbsp;&nbsp;&nbsp;DrawRedPlayersCoin
<LI><a href="#[5d]">&gt;&gt;</a>&nbsp;&nbsp;&nbsp;DrawYellowPlayersCoin
<LI><a href="#[5c]">&gt;&gt;</a>&nbsp;&nbsp;&nbsp;DRAW_BLACKCOIN_WITH_ARROW
<LI><a href="#[56]">&gt;&gt;</a>&nbsp;&nbsp;&nbsp;DRAW_ROW1_COIN
<LI><a href="#[53]">&gt;&gt;</a>&nbsp;&nbsp;&nbsp;YELLOW_TURN
<LI><a href="#[52]">&gt;&gt;</a>&nbsp;&nbsp;&nbsp;RED_TURN
</UL>
<BR>[Called By]<UL><LI><a href="#[58]">&gt;&gt;</a>&nbsp;&nbsp;&nbsp;DRAW_ROW3_COIN
<LI><a href="#[4f]">&gt;&gt;</a>&nbsp;&nbsp;&nbsp;INSERT_IN_ARRAY
</UL>

<P><STRONG><a name="[58]"></a>DRAW_ROW3_COIN</STRONG> (Thumb, 70 bytes, Stack size 0 bytes, function.o(MYCODE), UNUSED, KEPT)
<BR><BR>[Calls]<UL><LI><a href="#[6e]">&gt;&gt;</a>&nbsp;&nbsp;&nbsp;delay_10_milli_second
<LI><a href="#[5e]">&gt;&gt;</a>&nbsp;&nbsp;&nbsp;DrawRedPlayersCoin
<LI><a href="#[5d]">&gt;&gt;</a>&nbsp;&nbsp;&nbsp;DrawYellowPlayersCoin
<LI><a href="#[5c]">&gt;&gt;</a>&nbsp;&nbsp;&nbsp;DRAW_BLACKCOIN_WITH_ARROW
<LI><a href="#[57]">&gt;&gt;</a>&nbsp;&nbsp;&nbsp;DRAW_ROW2_COIN
<LI><a href="#[53]">&gt;&gt;</a>&nbsp;&nbsp;&nbsp;YELLOW_TURN
<LI><a href="#[52]">&gt;&gt;</a>&nbsp;&nbsp;&nbsp;RED_TURN
</UL>
<BR>[Called By]<UL><LI><a href="#[59]">&gt;&gt;</a>&nbsp;&nbsp;&nbsp;DRAW_ROW4_COIN
<LI><a href="#[4f]">&gt;&gt;</a>&nbsp;&nbsp;&nbsp;INSERT_IN_ARRAY
</UL>

<P><STRONG><a name="[59]"></a>DRAW_ROW4_COIN</STRONG> (Thumb, 70 bytes, Stack size 0 bytes, function.o(MYCODE), UNUSED, KEPT)
<BR><BR>[Calls]<UL><LI><a href="#[6e]">&gt;&gt;</a>&nbsp;&nbsp;&nbsp;delay_10_milli_second
<LI><a href="#[5e]">&gt;&gt;</a>&nbsp;&nbsp;&nbsp;DrawRedPlayersCoin
<LI><a href="#[5d]">&gt;&gt;</a>&nbsp;&nbsp;&nbsp;DrawYellowPlayersCoin
<LI><a href="#[5c]">&gt;&gt;</a>&nbsp;&nbsp;&nbsp;DRAW_BLACKCOIN_WITH_ARROW
<LI><a href="#[58]">&gt;&gt;</a>&nbsp;&nbsp;&nbsp;DRAW_ROW3_COIN
<LI><a href="#[53]">&gt;&gt;</a>&nbsp;&nbsp;&nbsp;YELLOW_TURN
<LI><a href="#[52]">&gt;&gt;</a>&nbsp;&nbsp;&nbsp;RED_TURN
</UL>
<BR>[Called By]<UL><LI><a href="#[5a]">&gt;&gt;</a>&nbsp;&nbsp;&nbsp;DRAW_ROW5_COIN
<LI><a href="#[4f]">&gt;&gt;</a>&nbsp;&nbsp;&nbsp;INSERT_IN_ARRAY
</UL>

<P><STRONG><a name="[5a]"></a>DRAW_ROW5_COIN</STRONG> (Thumb, 70 bytes, Stack size 0 bytes, function.o(MYCODE), UNUSED, KEPT)
<BR><BR>[Calls]<UL><LI><a href="#[6e]">&gt;&gt;</a>&nbsp;&nbsp;&nbsp;delay_10_milli_second
<LI><a href="#[5e]">&gt;&gt;</a>&nbsp;&nbsp;&nbsp;DrawRedPlayersCoin
<LI><a href="#[5d]">&gt;&gt;</a>&nbsp;&nbsp;&nbsp;DrawYellowPlayersCoin
<LI><a href="#[5c]">&gt;&gt;</a>&nbsp;&nbsp;&nbsp;DRAW_BLACKCOIN_WITH_ARROW
<LI><a href="#[59]">&gt;&gt;</a>&nbsp;&nbsp;&nbsp;DRAW_ROW4_COIN
<LI><a href="#[53]">&gt;&gt;</a>&nbsp;&nbsp;&nbsp;YELLOW_TURN
<LI><a href="#[52]">&gt;&gt;</a>&nbsp;&nbsp;&nbsp;RED_TURN
</UL>
<BR>[Called By]<UL><LI><a href="#[5b]">&gt;&gt;</a>&nbsp;&nbsp;&nbsp;DRAW_ROW6_COIN
<LI><a href="#[4f]">&gt;&gt;</a>&nbsp;&nbsp;&nbsp;INSERT_IN_ARRAY
</UL>

<P><STRONG><a name="[5b]"></a>DRAW_ROW6_COIN</STRONG> (Thumb, 70 bytes, Stack size 0 bytes, function.o(MYCODE), UNUSED, KEPT)
<BR><BR>[Calls]<UL><LI><a href="#[6e]">&gt;&gt;</a>&nbsp;&nbsp;&nbsp;delay_10_milli_second
<LI><a href="#[5e]">&gt;&gt;</a>&nbsp;&nbsp;&nbsp;DrawRedPlayersCoin
<LI><a href="#[5d]">&gt;&gt;</a>&nbsp;&nbsp;&nbsp;DrawYellowPlayersCoin
<LI><a href="#[5c]">&gt;&gt;</a>&nbsp;&nbsp;&nbsp;DRAW_BLACKCOIN_WITH_ARROW
<LI><a href="#[5a]">&gt;&gt;</a>&nbsp;&nbsp;&nbsp;DRAW_ROW5_COIN
<LI><a href="#[53]">&gt;&gt;</a>&nbsp;&nbsp;&nbsp;YELLOW_TURN
<LI><a href="#[52]">&gt;&gt;</a>&nbsp;&nbsp;&nbsp;RED_TURN
</UL>
<BR>[Called By]<UL><LI><a href="#[4f]">&gt;&gt;</a>&nbsp;&nbsp;&nbsp;INSERT_IN_ARRAY
</UL>

<P><STRONG><a name="[5c]"></a>DRAW_BLACKCOIN_WITH_ARROW</STRONG> (Thumb, 48 bytes, Stack size 0 bytes, function.o(MYCODE), UNUSED, KEPT)
<BR><BR>[Calls]<UL><LI><a href="#[60]">&gt;&gt;</a>&nbsp;&nbsp;&nbsp;DRAW_ARROW
</UL>
<BR>[Called By]<UL><LI><a href="#[5b]">&gt;&gt;</a>&nbsp;&nbsp;&nbsp;DRAW_ROW6_COIN
<LI><a href="#[5a]">&gt;&gt;</a>&nbsp;&nbsp;&nbsp;DRAW_ROW5_COIN
<LI><a href="#[59]">&gt;&gt;</a>&nbsp;&nbsp;&nbsp;DRAW_ROW4_COIN
<LI><a href="#[58]">&gt;&gt;</a>&nbsp;&nbsp;&nbsp;DRAW_ROW3_COIN
<LI><a href="#[57]">&gt;&gt;</a>&nbsp;&nbsp;&nbsp;DRAW_ROW2_COIN
<LI><a href="#[55]">&gt;&gt;</a>&nbsp;&nbsp;&nbsp;MOVE_LEFT
<LI><a href="#[54]">&gt;&gt;</a>&nbsp;&nbsp;&nbsp;MOVE_RIGHT
<LI><a href="#[48]">&gt;&gt;</a>&nbsp;&nbsp;&nbsp;CHECK_TIE
<LI><a href="#[47]">&gt;&gt;</a>&nbsp;&nbsp;&nbsp;GAMEOVERC4
</UL>

<P><STRONG><a name="[5d]"></a>DrawYellowPlayersCoin</STRONG> (Thumb, 124 bytes, Stack size 0 bytes, function.o(MYCODE), UNUSED, KEPT)
<BR><BR>[Called By]<UL><LI><a href="#[5b]">&gt;&gt;</a>&nbsp;&nbsp;&nbsp;DRAW_ROW6_COIN
<LI><a href="#[5a]">&gt;&gt;</a>&nbsp;&nbsp;&nbsp;DRAW_ROW5_COIN
<LI><a href="#[59]">&gt;&gt;</a>&nbsp;&nbsp;&nbsp;DRAW_ROW4_COIN
<LI><a href="#[58]">&gt;&gt;</a>&nbsp;&nbsp;&nbsp;DRAW_ROW3_COIN
<LI><a href="#[57]">&gt;&gt;</a>&nbsp;&nbsp;&nbsp;DRAW_ROW2_COIN
<LI><a href="#[56]">&gt;&gt;</a>&nbsp;&nbsp;&nbsp;DRAW_ROW1_COIN
<LI><a href="#[55]">&gt;&gt;</a>&nbsp;&nbsp;&nbsp;MOVE_LEFT
<LI><a href="#[54]">&gt;&gt;</a>&nbsp;&nbsp;&nbsp;MOVE_RIGHT
<LI><a href="#[50]">&gt;&gt;</a>&nbsp;&nbsp;&nbsp;SWITCH_COLOR
</UL>

<P><STRONG><a name="[5e]"></a>DrawRedPlayersCoin</STRONG> (Thumb, 88 bytes, Stack size 0 bytes, function.o(MYCODE), UNUSED, KEPT)
<BR><BR>[Called By]<UL><LI><a href="#[5b]">&gt;&gt;</a>&nbsp;&nbsp;&nbsp;DRAW_ROW6_COIN
<LI><a href="#[5a]">&gt;&gt;</a>&nbsp;&nbsp;&nbsp;DRAW_ROW5_COIN
<LI><a href="#[59]">&gt;&gt;</a>&nbsp;&nbsp;&nbsp;DRAW_ROW4_COIN
<LI><a href="#[58]">&gt;&gt;</a>&nbsp;&nbsp;&nbsp;DRAW_ROW3_COIN
<LI><a href="#[57]">&gt;&gt;</a>&nbsp;&nbsp;&nbsp;DRAW_ROW2_COIN
<LI><a href="#[56]">&gt;&gt;</a>&nbsp;&nbsp;&nbsp;DRAW_ROW1_COIN
<LI><a href="#[55]">&gt;&gt;</a>&nbsp;&nbsp;&nbsp;MOVE_LEFT
<LI><a href="#[54]">&gt;&gt;</a>&nbsp;&nbsp;&nbsp;MOVE_RIGHT
<LI><a href="#[50]">&gt;&gt;</a>&nbsp;&nbsp;&nbsp;SWITCH_COLOR
</UL>

<P><STRONG><a name="[5f]"></a>HIDE_COLOR_TURN</STRONG> (Thumb, 32 bytes, Stack size 0 bytes, function.o(MYCODE), UNUSED, KEPT)
<BR><BR>[Called By]<UL><LI><a href="#[53]">&gt;&gt;</a>&nbsp;&nbsp;&nbsp;YELLOW_TURN
<LI><a href="#[52]">&gt;&gt;</a>&nbsp;&nbsp;&nbsp;RED_TURN
</UL>

<P><STRONG><a name="[60]"></a>DRAW_ARROW</STRONG> (Thumb, 120 bytes, Stack size 0 bytes, function.o(MYCODE), UNUSED, KEPT)
<BR><BR>[Called By]<UL><LI><a href="#[5c]">&gt;&gt;</a>&nbsp;&nbsp;&nbsp;DRAW_BLACKCOIN_WITH_ARROW
<LI><a href="#[55]">&gt;&gt;</a>&nbsp;&nbsp;&nbsp;MOVE_LEFT
<LI><a href="#[54]">&gt;&gt;</a>&nbsp;&nbsp;&nbsp;MOVE_RIGHT
<LI><a href="#[50]">&gt;&gt;</a>&nbsp;&nbsp;&nbsp;SWITCH_COLOR
</UL>

<P><STRONG><a name="[61]"></a>ADDRESS_SET</STRONG> (Thumb, 92 bytes, Stack size 0 bytes, function.o(MYCODE), UNUSED, KEPT)
<BR><BR>[Calls]<UL><LI><a href="#[6b]">&gt;&gt;</a>&nbsp;&nbsp;&nbsp;LCD_DATA_WRITE
<LI><a href="#[6a]">&gt;&gt;</a>&nbsp;&nbsp;&nbsp;LCD_COMMAND_WRITE
</UL>
<BR>[Called By]<UL><LI><a href="#[68]">&gt;&gt;</a>&nbsp;&nbsp;&nbsp;DRAW_D
</UL>

<P><STRONG><a name="[62]"></a>DRAW_0</STRONG> (Thumb, 62 bytes, Stack size 0 bytes, function.o(MYCODE), UNUSED, KEPT)
<BR><BR>[Called By]<UL><LI><a href="#[48]">&gt;&gt;</a>&nbsp;&nbsp;&nbsp;CHECK_TIE
<LI><a href="#[47]">&gt;&gt;</a>&nbsp;&nbsp;&nbsp;GAMEOVERC4
<LI><a href="#[40]">&gt;&gt;</a>&nbsp;&nbsp;&nbsp;UPDATE_SCORE
</UL>

<P><STRONG><a name="[63]"></a>DRAW_1</STRONG> (Thumb, 30 bytes, Stack size 0 bytes, function.o(MYCODE), UNUSED, KEPT)
<BR><BR>[Called By]<UL><LI><a href="#[46]">&gt;&gt;</a>&nbsp;&nbsp;&nbsp;DRAW_GAME_1
<LI><a href="#[45]">&gt;&gt;</a>&nbsp;&nbsp;&nbsp;SELECT_1
<LI><a href="#[40]">&gt;&gt;</a>&nbsp;&nbsp;&nbsp;UPDATE_SCORE
</UL>

<P><STRONG><a name="[64]"></a>DRAW_2</STRONG> (Thumb, 138 bytes, Stack size 0 bytes, function.o(MYCODE), UNUSED, KEPT)
<BR><BR>[Called By]<UL><LI><a href="#[44]">&gt;&gt;</a>&nbsp;&nbsp;&nbsp;DRAW_GAME_2
<LI><a href="#[43]">&gt;&gt;</a>&nbsp;&nbsp;&nbsp;SELECT_2
<LI><a href="#[40]">&gt;&gt;</a>&nbsp;&nbsp;&nbsp;UPDATE_SCORE
</UL>

<P><STRONG><a name="[65]"></a>DRAW_Y</STRONG> (Thumb, 116 bytes, Stack size 0 bytes, function.o(MYCODE), UNUSED, KEPT)
<BR><BR>[Called By]<UL><LI><a href="#[53]">&gt;&gt;</a>&nbsp;&nbsp;&nbsp;YELLOW_TURN
<LI><a href="#[47]">&gt;&gt;</a>&nbsp;&nbsp;&nbsp;GAMEOVERC4
</UL>

<P><STRONG><a name="[66]"></a>DRAW_U</STRONG> (Thumb, 58 bytes, Stack size 0 bytes, function.o(MYCODE), UNUSED, KEPT)
<BR><BR>[Called By]<UL><LI><a href="#[53]">&gt;&gt;</a>&nbsp;&nbsp;&nbsp;YELLOW_TURN
<LI><a href="#[52]">&gt;&gt;</a>&nbsp;&nbsp;&nbsp;RED_TURN
</UL>

<P><STRONG><a name="[67]"></a>DRAW_L</STRONG> (Thumb, 60 bytes, Stack size 0 bytes, function.o(MYCODE), UNUSED, KEPT)
<BR><BR>[Called By]<UL><LI><a href="#[53]">&gt;&gt;</a>&nbsp;&nbsp;&nbsp;YELLOW_TURN
<LI><a href="#[47]">&gt;&gt;</a>&nbsp;&nbsp;&nbsp;GAMEOVERC4
</UL>

<P><STRONG><a name="[68]"></a>DRAW_D</STRONG> (Thumb, 108 bytes, Stack size 0 bytes, function.o(MYCODE), UNUSED, KEPT)
<BR><BR>[Calls]<UL><LI><a href="#[6b]">&gt;&gt;</a>&nbsp;&nbsp;&nbsp;LCD_DATA_WRITE
<LI><a href="#[6a]">&gt;&gt;</a>&nbsp;&nbsp;&nbsp;LCD_COMMAND_WRITE
<LI><a href="#[61]">&gt;&gt;</a>&nbsp;&nbsp;&nbsp;ADDRESS_SET
</UL>
<BR>[Called By]<UL><LI><a href="#[52]">&gt;&gt;</a>&nbsp;&nbsp;&nbsp;RED_TURN
<LI><a href="#[47]">&gt;&gt;</a>&nbsp;&nbsp;&nbsp;GAMEOVERC4
</UL>

<P><STRONG><a name="[69]"></a>LCD_WRITE</STRONG> (Thumb, 44 bytes, Stack size 0 bytes, function.o(MYCODE), UNUSED, KEPT)
<BR><BR>[Called By]<UL><LI><a href="#[6b]">&gt;&gt;</a>&nbsp;&nbsp;&nbsp;LCD_DATA_WRITE
<LI><a href="#[6a]">&gt;&gt;</a>&nbsp;&nbsp;&nbsp;LCD_COMMAND_WRITE
</UL>

<P><STRONG><a name="[6a]"></a>LCD_COMMAND_WRITE</STRONG> (Thumb, 44 bytes, Stack size 0 bytes, function.o(MYCODE), UNUSED, KEPT)
<BR><BR>[Calls]<UL><LI><a href="#[69]">&gt;&gt;</a>&nbsp;&nbsp;&nbsp;LCD_WRITE
</UL>
<BR>[Called By]<UL><LI><a href="#[6c]">&gt;&gt;</a>&nbsp;&nbsp;&nbsp;LCD_INIT
<LI><a href="#[68]">&gt;&gt;</a>&nbsp;&nbsp;&nbsp;DRAW_D
<LI><a href="#[61]">&gt;&gt;</a>&nbsp;&nbsp;&nbsp;ADDRESS_SET
</UL>

<P><STRONG><a name="[6b]"></a>LCD_DATA_WRITE</STRONG> (Thumb, 36 bytes, Stack size 0 bytes, function.o(MYCODE), UNUSED, KEPT)
<BR><BR>[Calls]<UL><LI><a href="#[6c]">&gt;&gt;</a>&nbsp;&nbsp;&nbsp;LCD_INIT
<LI><a href="#[69]">&gt;&gt;</a>&nbsp;&nbsp;&nbsp;LCD_WRITE
</UL>
<BR>[Called By]<UL><LI><a href="#[6c]">&gt;&gt;</a>&nbsp;&nbsp;&nbsp;LCD_INIT
<LI><a href="#[68]">&gt;&gt;</a>&nbsp;&nbsp;&nbsp;DRAW_D
<LI><a href="#[61]">&gt;&gt;</a>&nbsp;&nbsp;&nbsp;ADDRESS_SET
</UL>

<P><STRONG><a name="[6c]"></a>LCD_INIT</STRONG> (Thumb, 222 bytes, Stack size 0 bytes, function.o(MYCODE), UNUSED, KEPT)
<BR><BR>[Calls]<UL><LI><a href="#[6e]">&gt;&gt;</a>&nbsp;&nbsp;&nbsp;delay_10_milli_second
<LI><a href="#[6d]">&gt;&gt;</a>&nbsp;&nbsp;&nbsp;delay_1_second
<LI><a href="#[6b]">&gt;&gt;</a>&nbsp;&nbsp;&nbsp;LCD_DATA_WRITE
<LI><a href="#[6a]">&gt;&gt;</a>&nbsp;&nbsp;&nbsp;LCD_COMMAND_WRITE
</UL>
<BR>[Called By]<UL><LI><a href="#[6b]">&gt;&gt;</a>&nbsp;&nbsp;&nbsp;LCD_DATA_WRITE
</UL>

<P><STRONG><a name="[6d]"></a>delay_1_second</STRONG> (Thumb, 22 bytes, Stack size 0 bytes, function.o(MYCODE), UNUSED, KEPT)
<BR><BR>[Called By]<UL><LI><a href="#[6c]">&gt;&gt;</a>&nbsp;&nbsp;&nbsp;LCD_INIT
</UL>

<P><STRONG><a name="[6e]"></a>delay_10_milli_second</STRONG> (Thumb, 22 bytes, Stack size 0 bytes, function.o(MYCODE), UNUSED, KEPT)
<BR><BR>[Called By]<UL><LI><a href="#[6c]">&gt;&gt;</a>&nbsp;&nbsp;&nbsp;LCD_INIT
<LI><a href="#[5b]">&gt;&gt;</a>&nbsp;&nbsp;&nbsp;DRAW_ROW6_COIN
<LI><a href="#[5a]">&gt;&gt;</a>&nbsp;&nbsp;&nbsp;DRAW_ROW5_COIN
<LI><a href="#[59]">&gt;&gt;</a>&nbsp;&nbsp;&nbsp;DRAW_ROW4_COIN
<LI><a href="#[58]">&gt;&gt;</a>&nbsp;&nbsp;&nbsp;DRAW_ROW3_COIN
<LI><a href="#[57]">&gt;&gt;</a>&nbsp;&nbsp;&nbsp;DRAW_ROW2_COIN
</UL>

<P><STRONG><a name="[6f]"></a>delay_200_milli_second</STRONG> (Thumb, 22 bytes, Stack size 0 bytes, function.o(MYCODE), UNUSED, KEPT)

<P><STRONG><a name="[70]"></a>delay_100_milli_second</STRONG> (Thumb, 22 bytes, Stack size 0 bytes, function.o(MYCODE), UNUSED, KEPT)

<P><STRONG><a name="[71]"></a>INC_LAST_YS</STRONG> (Thumb, 36 bytes, Stack size 0 bytes, main.o(MYCODE), UNUSED, KEPT)

<P><STRONG><a name="[72]"></a>DETECT_BRICK_COLLISON</STRONG> (Thumb, 268 bytes, Stack size 0 bytes, main.o(MYCODE), UNUSED, KEPT)
<BR><BR>[Calls]<UL><LI><a href="#[73]">&gt;&gt;</a>&nbsp;&nbsp;&nbsp;COVER_BRICK
</UL>

<P><STRONG><a name="[73]"></a>COVER_BRICK</STRONG> (Thumb, 24 bytes, Stack size 0 bytes, main.o(MYCODE), UNUSED, KEPT)
<BR><BR>[Called By]<UL><LI><a href="#[72]">&gt;&gt;</a>&nbsp;&nbsp;&nbsp;DETECT_BRICK_COLLISON
</UL>

<P><STRONG><a name="[74]"></a>DRAW_BALL</STRONG> (Thumb, 64 bytes, Stack size 0 bytes, main.o(MYCODE), UNUSED, KEPT)
<BR><BR>[Called By]<UL><LI><a href="#[75]">&gt;&gt;</a>&nbsp;&nbsp;&nbsp;UPDATE_BALL_POSITION
</UL>

<P><STRONG><a name="[75]"></a>UPDATE_BALL_POSITION</STRONG> (Thumb, 232 bytes, Stack size 0 bytes, main.o(MYCODE), UNUSED, KEPT)
<BR><BR>[Calls]<UL><LI><a href="#[74]">&gt;&gt;</a>&nbsp;&nbsp;&nbsp;DRAW_BALL
</UL>

<P><STRONG><a name="[76]"></a>DRAW_PAD</STRONG> (Thumb, 68 bytes, Stack size 0 bytes, main.o(MYCODE), UNUSED, KEPT)
<BR><BR>[Called By]<UL><LI><a href="#[78]">&gt;&gt;</a>&nbsp;&nbsp;&nbsp;MOVE_PAD_RIGHT
<LI><a href="#[77]">&gt;&gt;</a>&nbsp;&nbsp;&nbsp;MOVE_PAD_LEFT
</UL>

<P><STRONG><a name="[77]"></a>MOVE_PAD_LEFT</STRONG> (Thumb, 64 bytes, Stack size 0 bytes, main.o(MYCODE), UNUSED, KEPT)
<BR><BR>[Calls]<UL><LI><a href="#[76]">&gt;&gt;</a>&nbsp;&nbsp;&nbsp;DRAW_PAD
</UL>

<P><STRONG><a name="[78]"></a>MOVE_PAD_RIGHT</STRONG> (Thumb, 68 bytes, Stack size 0 bytes, main.o(MYCODE), UNUSED, KEPT)
<BR><BR>[Calls]<UL><LI><a href="#[a8]">&gt;&gt;</a>&nbsp;&nbsp;&nbsp;delay_200_milli_second
<LI><a href="#[9a]">&gt;&gt;</a>&nbsp;&nbsp;&nbsp;DRAW_0
<LI><a href="#[98]">&gt;&gt;</a>&nbsp;&nbsp;&nbsp;DRAW_ARROW
<LI><a href="#[96]">&gt;&gt;</a>&nbsp;&nbsp;&nbsp;DrawRedPlayersCoin
<LI><a href="#[8d]">&gt;&gt;</a>&nbsp;&nbsp;&nbsp;MOVE_LEFT
<LI><a href="#[8c]">&gt;&gt;</a>&nbsp;&nbsp;&nbsp;MOVE_RIGHT
<LI><a href="#[8a]">&gt;&gt;</a>&nbsp;&nbsp;&nbsp;RED_TURN
<LI><a href="#[88]">&gt;&gt;</a>&nbsp;&nbsp;&nbsp;INITIALIZE_VARIABLES
<LI><a href="#[84]">&gt;&gt;</a>&nbsp;&nbsp;&nbsp;INSERT
<LI><a href="#[7f]">&gt;&gt;</a>&nbsp;&nbsp;&nbsp;CHECK_WON
<LI><a href="#[7e]">&gt;&gt;</a>&nbsp;&nbsp;&nbsp;CHECK_TIE
<LI><a href="#[76]">&gt;&gt;</a>&nbsp;&nbsp;&nbsp;DRAW_PAD
</UL>

<P><STRONG><a name="[79]"></a>SELECT_2</STRONG> (Thumb, 112 bytes, Stack size 0 bytes, main.o(MYCODE), UNUSED, KEPT)
<BR><BR>[Calls]<UL><LI><a href="#[9c]">&gt;&gt;</a>&nbsp;&nbsp;&nbsp;DRAW_2
</UL>

<P><STRONG><a name="[7a]"></a>DRAW_GAME_2</STRONG> (Thumb, 112 bytes, Stack size 0 bytes, main.o(MYCODE), UNUSED, KEPT)
<BR><BR>[Calls]<UL><LI><a href="#[9c]">&gt;&gt;</a>&nbsp;&nbsp;&nbsp;DRAW_2
</UL>

<P><STRONG><a name="[7b]"></a>SELECT_1</STRONG> (Thumb, 112 bytes, Stack size 0 bytes, main.o(MYCODE), UNUSED, KEPT)
<BR><BR>[Calls]<UL><LI><a href="#[9b]">&gt;&gt;</a>&nbsp;&nbsp;&nbsp;DRAW_1
</UL>

<P><STRONG><a name="[7c]"></a>DRAW_GAME_1</STRONG> (Thumb, 112 bytes, Stack size 0 bytes, main.o(MYCODE), UNUSED, KEPT)
<BR><BR>[Calls]<UL><LI><a href="#[9b]">&gt;&gt;</a>&nbsp;&nbsp;&nbsp;DRAW_1
</UL>

<P><STRONG><a name="[7d]"></a>GAMEOVERC4</STRONG> (Thumb, 456 bytes, Stack size 0 bytes, main.o(MYCODE), UNUSED, KEPT)
<BR><BR>[Calls]<UL><LI><a href="#[a0]">&gt;&gt;</a>&nbsp;&nbsp;&nbsp;DRAW_D
<LI><a href="#[9f]">&gt;&gt;</a>&nbsp;&nbsp;&nbsp;DRAW_L
<LI><a href="#[9d]">&gt;&gt;</a>&nbsp;&nbsp;&nbsp;DRAW_Y
<LI><a href="#[9a]">&gt;&gt;</a>&nbsp;&nbsp;&nbsp;DRAW_0
<LI><a href="#[94]">&gt;&gt;</a>&nbsp;&nbsp;&nbsp;DRAW_BLACKCOIN_WITH_ARROW
</UL>
<BR>[Called By]<UL><LI><a href="#[83]">&gt;&gt;</a>&nbsp;&nbsp;&nbsp;CHECK_HORIZONTAL
<LI><a href="#[82]">&gt;&gt;</a>&nbsp;&nbsp;&nbsp;CHECK_VERTICAL
<LI><a href="#[81]">&gt;&gt;</a>&nbsp;&nbsp;&nbsp;CHECK_DIAGONAL1
<LI><a href="#[80]">&gt;&gt;</a>&nbsp;&nbsp;&nbsp;CHECK_DIAGONAL2
</UL>

<P><STRONG><a name="[7e]"></a>CHECK_TIE</STRONG> (Thumb, 22 bytes, Stack size 0 bytes, main.o(MYCODE), UNUSED, KEPT)
<BR><BR>[Calls]<UL><LI><a href="#[9a]">&gt;&gt;</a>&nbsp;&nbsp;&nbsp;DRAW_0
<LI><a href="#[94]">&gt;&gt;</a>&nbsp;&nbsp;&nbsp;DRAW_BLACKCOIN_WITH_ARROW
</UL>
<BR>[Called By]<UL><LI><a href="#[78]">&gt;&gt;</a>&nbsp;&nbsp;&nbsp;MOVE_PAD_RIGHT
</UL>

<P><STRONG><a name="[7f]"></a>CHECK_WON</STRONG> (Thumb, 24 bytes, Stack size 0 bytes, main.o(MYCODE), UNUSED, KEPT)
<BR><BR>[Calls]<UL><LI><a href="#[83]">&gt;&gt;</a>&nbsp;&nbsp;&nbsp;CHECK_HORIZONTAL
<LI><a href="#[82]">&gt;&gt;</a>&nbsp;&nbsp;&nbsp;CHECK_VERTICAL
<LI><a href="#[81]">&gt;&gt;</a>&nbsp;&nbsp;&nbsp;CHECK_DIAGONAL1
<LI><a href="#[80]">&gt;&gt;</a>&nbsp;&nbsp;&nbsp;CHECK_DIAGONAL2
</UL>
<BR>[Called By]<UL><LI><a href="#[78]">&gt;&gt;</a>&nbsp;&nbsp;&nbsp;MOVE_PAD_RIGHT
</UL>

<P><STRONG><a name="[80]"></a>CHECK_DIAGONAL2</STRONG> (Thumb, 230 bytes, Stack size 0 bytes, main.o(MYCODE), UNUSED, KEPT)
<BR><BR>[Calls]<UL><LI><a href="#[7d]">&gt;&gt;</a>&nbsp;&nbsp;&nbsp;GAMEOVERC4
</UL>
<BR>[Called By]<UL><LI><a href="#[7f]">&gt;&gt;</a>&nbsp;&nbsp;&nbsp;CHECK_WON
</UL>

<P><STRONG><a name="[81]"></a>CHECK_DIAGONAL1</STRONG> (Thumb, 236 bytes, Stack size 0 bytes, main.o(MYCODE), UNUSED, KEPT)
<BR><BR>[Calls]<UL><LI><a href="#[7d]">&gt;&gt;</a>&nbsp;&nbsp;&nbsp;GAMEOVERC4
</UL>
<BR>[Called By]<UL><LI><a href="#[7f]">&gt;&gt;</a>&nbsp;&nbsp;&nbsp;CHECK_WON
</UL>

<P><STRONG><a name="[82]"></a>CHECK_VERTICAL</STRONG> (Thumb, 236 bytes, Stack size 0 bytes, main.o(MYCODE), UNUSED, KEPT)
<BR><BR>[Calls]<UL><LI><a href="#[7d]">&gt;&gt;</a>&nbsp;&nbsp;&nbsp;GAMEOVERC4
</UL>
<BR>[Called By]<UL><LI><a href="#[7f]">&gt;&gt;</a>&nbsp;&nbsp;&nbsp;CHECK_WON
</UL>

<P><STRONG><a name="[83]"></a>CHECK_HORIZONTAL</STRONG> (Thumb, 244 bytes, Stack size 0 bytes, main.o(MYCODE), UNUSED, KEPT)
<BR><BR>[Calls]<UL><LI><a href="#[7d]">&gt;&gt;</a>&nbsp;&nbsp;&nbsp;GAMEOVERC4
</UL>
<BR>[Called By]<UL><LI><a href="#[7f]">&gt;&gt;</a>&nbsp;&nbsp;&nbsp;CHECK_WON
</UL>

<P><STRONG><a name="[84]"></a>INSERT</STRONG> (Thumb, 132 bytes, Stack size 0 bytes, main.o(MYCODE), UNUSED, KEPT)
<BR><BR>[Calls]<UL><LI><a href="#[85]">&gt;&gt;</a>&nbsp;&nbsp;&nbsp;INSERT_IN_ARRAY
</UL>
<BR>[Called By]<UL><LI><a href="#[78]">&gt;&gt;</a>&nbsp;&nbsp;&nbsp;MOVE_PAD_RIGHT
</UL>

<P><STRONG><a name="[85]"></a>INSERT_IN_ARRAY</STRONG> (Thumb, 294 bytes, Stack size 0 bytes, main.o(MYCODE), UNUSED, KEPT)
<BR><BR>[Calls]<UL><LI><a href="#[93]">&gt;&gt;</a>&nbsp;&nbsp;&nbsp;DRAW_ROW6_COIN
<LI><a href="#[92]">&gt;&gt;</a>&nbsp;&nbsp;&nbsp;DRAW_ROW5_COIN
<LI><a href="#[91]">&gt;&gt;</a>&nbsp;&nbsp;&nbsp;DRAW_ROW4_COIN
<LI><a href="#[90]">&gt;&gt;</a>&nbsp;&nbsp;&nbsp;DRAW_ROW3_COIN
<LI><a href="#[8f]">&gt;&gt;</a>&nbsp;&nbsp;&nbsp;DRAW_ROW2_COIN
<LI><a href="#[8e]">&gt;&gt;</a>&nbsp;&nbsp;&nbsp;DRAW_ROW1_COIN
<LI><a href="#[89]">&gt;&gt;</a>&nbsp;&nbsp;&nbsp;SWITCH_COLOR
</UL>
<BR>[Called By]<UL><LI><a href="#[84]">&gt;&gt;</a>&nbsp;&nbsp;&nbsp;INSERT
</UL>

<P><STRONG><a name="[86]"></a>DRAW_BLACK</STRONG> (Thumb, 32 bytes, Stack size 0 bytes, main.o(MYCODE), UNUSED, KEPT)

<P><STRONG><a name="[87]"></a>DRAW_BRICKS2</STRONG> (Thumb, 112 bytes, Stack size 0 bytes, main.o(MYCODE), UNUSED, KEPT)

<P><STRONG><a name="[88]"></a>INITIALIZE_VARIABLES</STRONG> (Thumb, 556 bytes, Stack size 0 bytes, main.o(MYCODE), UNUSED, KEPT)
<BR><BR>[Called By]<UL><LI><a href="#[78]">&gt;&gt;</a>&nbsp;&nbsp;&nbsp;MOVE_PAD_RIGHT
</UL>

<P><STRONG><a name="[89]"></a>SWITCH_COLOR</STRONG> (Thumb, 56 bytes, Stack size 0 bytes, main.o(MYCODE), UNUSED, KEPT)
<BR><BR>[Calls]<UL><LI><a href="#[98]">&gt;&gt;</a>&nbsp;&nbsp;&nbsp;DRAW_ARROW
<LI><a href="#[96]">&gt;&gt;</a>&nbsp;&nbsp;&nbsp;DrawRedPlayersCoin
<LI><a href="#[95]">&gt;&gt;</a>&nbsp;&nbsp;&nbsp;DrawYellowPlayersCoin
<LI><a href="#[8b]">&gt;&gt;</a>&nbsp;&nbsp;&nbsp;YELLOW_TURN
<LI><a href="#[8a]">&gt;&gt;</a>&nbsp;&nbsp;&nbsp;RED_TURN
</UL>
<BR>[Called By]<UL><LI><a href="#[85]">&gt;&gt;</a>&nbsp;&nbsp;&nbsp;INSERT_IN_ARRAY
</UL>

<P><STRONG><a name="[8a]"></a>RED_TURN</STRONG> (Thumb, 124 bytes, Stack size 0 bytes, main.o(MYCODE), UNUSED, KEPT)
<BR><BR>[Calls]<UL><LI><a href="#[a0]">&gt;&gt;</a>&nbsp;&nbsp;&nbsp;DRAW_D
<LI><a href="#[9e]">&gt;&gt;</a>&nbsp;&nbsp;&nbsp;DRAW_U
<LI><a href="#[97]">&gt;&gt;</a>&nbsp;&nbsp;&nbsp;HIDE_COLOR_TURN
</UL>
<BR>[Called By]<UL><LI><a href="#[93]">&gt;&gt;</a>&nbsp;&nbsp;&nbsp;DRAW_ROW6_COIN
<LI><a href="#[92]">&gt;&gt;</a>&nbsp;&nbsp;&nbsp;DRAW_ROW5_COIN
<LI><a href="#[91]">&gt;&gt;</a>&nbsp;&nbsp;&nbsp;DRAW_ROW4_COIN
<LI><a href="#[90]">&gt;&gt;</a>&nbsp;&nbsp;&nbsp;DRAW_ROW3_COIN
<LI><a href="#[8f]">&gt;&gt;</a>&nbsp;&nbsp;&nbsp;DRAW_ROW2_COIN
<LI><a href="#[8e]">&gt;&gt;</a>&nbsp;&nbsp;&nbsp;DRAW_ROW1_COIN
<LI><a href="#[89]">&gt;&gt;</a>&nbsp;&nbsp;&nbsp;SWITCH_COLOR
<LI><a href="#[78]">&gt;&gt;</a>&nbsp;&nbsp;&nbsp;MOVE_PAD_RIGHT
</UL>

<P><STRONG><a name="[8b]"></a>YELLOW_TURN</STRONG> (Thumb, 124 bytes, Stack size 0 bytes, main.o(MYCODE), UNUSED, KEPT)
<BR><BR>[Calls]<UL><LI><a href="#[9f]">&gt;&gt;</a>&nbsp;&nbsp;&nbsp;DRAW_L
<LI><a href="#[9e]">&gt;&gt;</a>&nbsp;&nbsp;&nbsp;DRAW_U
<LI><a href="#[9d]">&gt;&gt;</a>&nbsp;&nbsp;&nbsp;DRAW_Y
<LI><a href="#[97]">&gt;&gt;</a>&nbsp;&nbsp;&nbsp;HIDE_COLOR_TURN
</UL>
<BR>[Called By]<UL><LI><a href="#[93]">&gt;&gt;</a>&nbsp;&nbsp;&nbsp;DRAW_ROW6_COIN
<LI><a href="#[92]">&gt;&gt;</a>&nbsp;&nbsp;&nbsp;DRAW_ROW5_COIN
<LI><a href="#[91]">&gt;&gt;</a>&nbsp;&nbsp;&nbsp;DRAW_ROW4_COIN
<LI><a href="#[90]">&gt;&gt;</a>&nbsp;&nbsp;&nbsp;DRAW_ROW3_COIN
<LI><a href="#[8f]">&gt;&gt;</a>&nbsp;&nbsp;&nbsp;DRAW_ROW2_COIN
<LI><a href="#[8e]">&gt;&gt;</a>&nbsp;&nbsp;&nbsp;DRAW_ROW1_COIN
<LI><a href="#[89]">&gt;&gt;</a>&nbsp;&nbsp;&nbsp;SWITCH_COLOR
</UL>

<P><STRONG><a name="[8c]"></a>MOVE_RIGHT</STRONG> (Thumb, 80 bytes, Stack size 0 bytes, main.o(MYCODE), UNUSED, KEPT)
<BR><BR>[Calls]<UL><LI><a href="#[98]">&gt;&gt;</a>&nbsp;&nbsp;&nbsp;DRAW_ARROW
<LI><a href="#[96]">&gt;&gt;</a>&nbsp;&nbsp;&nbsp;DrawRedPlayersCoin
<LI><a href="#[95]">&gt;&gt;</a>&nbsp;&nbsp;&nbsp;DrawYellowPlayersCoin
<LI><a href="#[94]">&gt;&gt;</a>&nbsp;&nbsp;&nbsp;DRAW_BLACKCOIN_WITH_ARROW
</UL>
<BR>[Called By]<UL><LI><a href="#[78]">&gt;&gt;</a>&nbsp;&nbsp;&nbsp;MOVE_PAD_RIGHT
</UL>

<P><STRONG><a name="[8d]"></a>MOVE_LEFT</STRONG> (Thumb, 80 bytes, Stack size 0 bytes, main.o(MYCODE), UNUSED, KEPT)
<BR><BR>[Calls]<UL><LI><a href="#[98]">&gt;&gt;</a>&nbsp;&nbsp;&nbsp;DRAW_ARROW
<LI><a href="#[96]">&gt;&gt;</a>&nbsp;&nbsp;&nbsp;DrawRedPlayersCoin
<LI><a href="#[95]">&gt;&gt;</a>&nbsp;&nbsp;&nbsp;DrawYellowPlayersCoin
<LI><a href="#[94]">&gt;&gt;</a>&nbsp;&nbsp;&nbsp;DRAW_BLACKCOIN_WITH_ARROW
</UL>
<BR>[Called By]<UL><LI><a href="#[78]">&gt;&gt;</a>&nbsp;&nbsp;&nbsp;MOVE_PAD_RIGHT
</UL>

<P><STRONG><a name="[8e]"></a>DRAW_ROW1_COIN</STRONG> (Thumb, 50 bytes, Stack size 0 bytes, main.o(MYCODE), UNUSED, KEPT)
<BR><BR>[Calls]<UL><LI><a href="#[96]">&gt;&gt;</a>&nbsp;&nbsp;&nbsp;DrawRedPlayersCoin
<LI><a href="#[95]">&gt;&gt;</a>&nbsp;&nbsp;&nbsp;DrawYellowPlayersCoin
<LI><a href="#[8b]">&gt;&gt;</a>&nbsp;&nbsp;&nbsp;YELLOW_TURN
<LI><a href="#[8a]">&gt;&gt;</a>&nbsp;&nbsp;&nbsp;RED_TURN
</UL>
<BR>[Called By]<UL><LI><a href="#[8f]">&gt;&gt;</a>&nbsp;&nbsp;&nbsp;DRAW_ROW2_COIN
<LI><a href="#[85]">&gt;&gt;</a>&nbsp;&nbsp;&nbsp;INSERT_IN_ARRAY
</UL>

<P><STRONG><a name="[8f]"></a>DRAW_ROW2_COIN</STRONG> (Thumb, 70 bytes, Stack size 0 bytes, main.o(MYCODE), UNUSED, KEPT)
<BR><BR>[Calls]<UL><LI><a href="#[a7]">&gt;&gt;</a>&nbsp;&nbsp;&nbsp;delay_10_milli_second
<LI><a href="#[96]">&gt;&gt;</a>&nbsp;&nbsp;&nbsp;DrawRedPlayersCoin
<LI><a href="#[95]">&gt;&gt;</a>&nbsp;&nbsp;&nbsp;DrawYellowPlayersCoin
<LI><a href="#[94]">&gt;&gt;</a>&nbsp;&nbsp;&nbsp;DRAW_BLACKCOIN_WITH_ARROW
<LI><a href="#[8e]">&gt;&gt;</a>&nbsp;&nbsp;&nbsp;DRAW_ROW1_COIN
<LI><a href="#[8b]">&gt;&gt;</a>&nbsp;&nbsp;&nbsp;YELLOW_TURN
<LI><a href="#[8a]">&gt;&gt;</a>&nbsp;&nbsp;&nbsp;RED_TURN
</UL>
<BR>[Called By]<UL><LI><a href="#[90]">&gt;&gt;</a>&nbsp;&nbsp;&nbsp;DRAW_ROW3_COIN
<LI><a href="#[85]">&gt;&gt;</a>&nbsp;&nbsp;&nbsp;INSERT_IN_ARRAY
</UL>

<P><STRONG><a name="[90]"></a>DRAW_ROW3_COIN</STRONG> (Thumb, 70 bytes, Stack size 0 bytes, main.o(MYCODE), UNUSED, KEPT)
<BR><BR>[Calls]<UL><LI><a href="#[a7]">&gt;&gt;</a>&nbsp;&nbsp;&nbsp;delay_10_milli_second
<LI><a href="#[96]">&gt;&gt;</a>&nbsp;&nbsp;&nbsp;DrawRedPlayersCoin
<LI><a href="#[95]">&gt;&gt;</a>&nbsp;&nbsp;&nbsp;DrawYellowPlayersCoin
<LI><a href="#[94]">&gt;&gt;</a>&nbsp;&nbsp;&nbsp;DRAW_BLACKCOIN_WITH_ARROW
<LI><a href="#[8f]">&gt;&gt;</a>&nbsp;&nbsp;&nbsp;DRAW_ROW2_COIN
<LI><a href="#[8b]">&gt;&gt;</a>&nbsp;&nbsp;&nbsp;YELLOW_TURN
<LI><a href="#[8a]">&gt;&gt;</a>&nbsp;&nbsp;&nbsp;RED_TURN
</UL>
<BR>[Called By]<UL><LI><a href="#[91]">&gt;&gt;</a>&nbsp;&nbsp;&nbsp;DRAW_ROW4_COIN
<LI><a href="#[85]">&gt;&gt;</a>&nbsp;&nbsp;&nbsp;INSERT_IN_ARRAY
</UL>

<P><STRONG><a name="[91]"></a>DRAW_ROW4_COIN</STRONG> (Thumb, 70 bytes, Stack size 0 bytes, main.o(MYCODE), UNUSED, KEPT)
<BR><BR>[Calls]<UL><LI><a href="#[a7]">&gt;&gt;</a>&nbsp;&nbsp;&nbsp;delay_10_milli_second
<LI><a href="#[96]">&gt;&gt;</a>&nbsp;&nbsp;&nbsp;DrawRedPlayersCoin
<LI><a href="#[95]">&gt;&gt;</a>&nbsp;&nbsp;&nbsp;DrawYellowPlayersCoin
<LI><a href="#[94]">&gt;&gt;</a>&nbsp;&nbsp;&nbsp;DRAW_BLACKCOIN_WITH_ARROW
<LI><a href="#[90]">&gt;&gt;</a>&nbsp;&nbsp;&nbsp;DRAW_ROW3_COIN
<LI><a href="#[8b]">&gt;&gt;</a>&nbsp;&nbsp;&nbsp;YELLOW_TURN
<LI><a href="#[8a]">&gt;&gt;</a>&nbsp;&nbsp;&nbsp;RED_TURN
</UL>
<BR>[Called By]<UL><LI><a href="#[92]">&gt;&gt;</a>&nbsp;&nbsp;&nbsp;DRAW_ROW5_COIN
<LI><a href="#[85]">&gt;&gt;</a>&nbsp;&nbsp;&nbsp;INSERT_IN_ARRAY
</UL>

<P><STRONG><a name="[92]"></a>DRAW_ROW5_COIN</STRONG> (Thumb, 70 bytes, Stack size 0 bytes, main.o(MYCODE), UNUSED, KEPT)
<BR><BR>[Calls]<UL><LI><a href="#[a7]">&gt;&gt;</a>&nbsp;&nbsp;&nbsp;delay_10_milli_second
<LI><a href="#[96]">&gt;&gt;</a>&nbsp;&nbsp;&nbsp;DrawRedPlayersCoin
<LI><a href="#[95]">&gt;&gt;</a>&nbsp;&nbsp;&nbsp;DrawYellowPlayersCoin
<LI><a href="#[94]">&gt;&gt;</a>&nbsp;&nbsp;&nbsp;DRAW_BLACKCOIN_WITH_ARROW
<LI><a href="#[91]">&gt;&gt;</a>&nbsp;&nbsp;&nbsp;DRAW_ROW4_COIN
<LI><a href="#[8b]">&gt;&gt;</a>&nbsp;&nbsp;&nbsp;YELLOW_TURN
<LI><a href="#[8a]">&gt;&gt;</a>&nbsp;&nbsp;&nbsp;RED_TURN
</UL>
<BR>[Called By]<UL><LI><a href="#[93]">&gt;&gt;</a>&nbsp;&nbsp;&nbsp;DRAW_ROW6_COIN
<LI><a href="#[85]">&gt;&gt;</a>&nbsp;&nbsp;&nbsp;INSERT_IN_ARRAY
</UL>

<P><STRONG><a name="[93]"></a>DRAW_ROW6_COIN</STRONG> (Thumb, 70 bytes, Stack size 0 bytes, main.o(MYCODE), UNUSED, KEPT)
<BR><BR>[Calls]<UL><LI><a href="#[a7]">&gt;&gt;</a>&nbsp;&nbsp;&nbsp;delay_10_milli_second
<LI><a href="#[96]">&gt;&gt;</a>&nbsp;&nbsp;&nbsp;DrawRedPlayersCoin
<LI><a href="#[95]">&gt;&gt;</a>&nbsp;&nbsp;&nbsp;DrawYellowPlayersCoin
<LI><a href="#[94]">&gt;&gt;</a>&nbsp;&nbsp;&nbsp;DRAW_BLACKCOIN_WITH_ARROW
<LI><a href="#[92]">&gt;&gt;</a>&nbsp;&nbsp;&nbsp;DRAW_ROW5_COIN
<LI><a href="#[8b]">&gt;&gt;</a>&nbsp;&nbsp;&nbsp;YELLOW_TURN
<LI><a href="#[8a]">&gt;&gt;</a>&nbsp;&nbsp;&nbsp;RED_TURN
</UL>
<BR>[Called By]<UL><LI><a href="#[85]">&gt;&gt;</a>&nbsp;&nbsp;&nbsp;INSERT_IN_ARRAY
</UL>

<P><STRONG><a name="[94]"></a>DRAW_BLACKCOIN_WITH_ARROW</STRONG> (Thumb, 48 bytes, Stack size 0 bytes, main.o(MYCODE), UNUSED, KEPT)
<BR><BR>[Calls]<UL><LI><a href="#[98]">&gt;&gt;</a>&nbsp;&nbsp;&nbsp;DRAW_ARROW
</UL>
<BR>[Called By]<UL><LI><a href="#[93]">&gt;&gt;</a>&nbsp;&nbsp;&nbsp;DRAW_ROW6_COIN
<LI><a href="#[92]">&gt;&gt;</a>&nbsp;&nbsp;&nbsp;DRAW_ROW5_COIN
<LI><a href="#[91]">&gt;&gt;</a>&nbsp;&nbsp;&nbsp;DRAW_ROW4_COIN
<LI><a href="#[90]">&gt;&gt;</a>&nbsp;&nbsp;&nbsp;DRAW_ROW3_COIN
<LI><a href="#[8f]">&gt;&gt;</a>&nbsp;&nbsp;&nbsp;DRAW_ROW2_COIN
<LI><a href="#[8d]">&gt;&gt;</a>&nbsp;&nbsp;&nbsp;MOVE_LEFT
<LI><a href="#[8c]">&gt;&gt;</a>&nbsp;&nbsp;&nbsp;MOVE_RIGHT
<LI><a href="#[7e]">&gt;&gt;</a>&nbsp;&nbsp;&nbsp;CHECK_TIE
<LI><a href="#[7d]">&gt;&gt;</a>&nbsp;&nbsp;&nbsp;GAMEOVERC4
</UL>

<P><STRONG><a name="[95]"></a>DrawYellowPlayersCoin</STRONG> (Thumb, 124 bytes, Stack size 0 bytes, main.o(MYCODE), UNUSED, KEPT)
<BR><BR>[Called By]<UL><LI><a href="#[93]">&gt;&gt;</a>&nbsp;&nbsp;&nbsp;DRAW_ROW6_COIN
<LI><a href="#[92]">&gt;&gt;</a>&nbsp;&nbsp;&nbsp;DRAW_ROW5_COIN
<LI><a href="#[91]">&gt;&gt;</a>&nbsp;&nbsp;&nbsp;DRAW_ROW4_COIN
<LI><a href="#[90]">&gt;&gt;</a>&nbsp;&nbsp;&nbsp;DRAW_ROW3_COIN
<LI><a href="#[8f]">&gt;&gt;</a>&nbsp;&nbsp;&nbsp;DRAW_ROW2_COIN
<LI><a href="#[8e]">&gt;&gt;</a>&nbsp;&nbsp;&nbsp;DRAW_ROW1_COIN
<LI><a href="#[8d]">&gt;&gt;</a>&nbsp;&nbsp;&nbsp;MOVE_LEFT
<LI><a href="#[8c]">&gt;&gt;</a>&nbsp;&nbsp;&nbsp;MOVE_RIGHT
<LI><a href="#[89]">&gt;&gt;</a>&nbsp;&nbsp;&nbsp;SWITCH_COLOR
</UL>

<P><STRONG><a name="[96]"></a>DrawRedPlayersCoin</STRONG> (Thumb, 88 bytes, Stack size 0 bytes, main.o(MYCODE), UNUSED, KEPT)
<BR><BR>[Called By]<UL><LI><a href="#[93]">&gt;&gt;</a>&nbsp;&nbsp;&nbsp;DRAW_ROW6_COIN
<LI><a href="#[92]">&gt;&gt;</a>&nbsp;&nbsp;&nbsp;DRAW_ROW5_COIN
<LI><a href="#[91]">&gt;&gt;</a>&nbsp;&nbsp;&nbsp;DRAW_ROW4_COIN
<LI><a href="#[90]">&gt;&gt;</a>&nbsp;&nbsp;&nbsp;DRAW_ROW3_COIN
<LI><a href="#[8f]">&gt;&gt;</a>&nbsp;&nbsp;&nbsp;DRAW_ROW2_COIN
<LI><a href="#[8e]">&gt;&gt;</a>&nbsp;&nbsp;&nbsp;DRAW_ROW1_COIN
<LI><a href="#[8d]">&gt;&gt;</a>&nbsp;&nbsp;&nbsp;MOVE_LEFT
<LI><a href="#[8c]">&gt;&gt;</a>&nbsp;&nbsp;&nbsp;MOVE_RIGHT
<LI><a href="#[89]">&gt;&gt;</a>&nbsp;&nbsp;&nbsp;SWITCH_COLOR
<LI><a href="#[78]">&gt;&gt;</a>&nbsp;&nbsp;&nbsp;MOVE_PAD_RIGHT
</UL>

<P><STRONG><a name="[97]"></a>HIDE_COLOR_TURN</STRONG> (Thumb, 32 bytes, Stack size 0 bytes, main.o(MYCODE), UNUSED, KEPT)
<BR><BR>[Called By]<UL><LI><a href="#[8b]">&gt;&gt;</a>&nbsp;&nbsp;&nbsp;YELLOW_TURN
<LI><a href="#[8a]">&gt;&gt;</a>&nbsp;&nbsp;&nbsp;RED_TURN
</UL>

<P><STRONG><a name="[98]"></a>DRAW_ARROW</STRONG> (Thumb, 120 bytes, Stack size 0 bytes, main.o(MYCODE), UNUSED, KEPT)
<BR><BR>[Called By]<UL><LI><a href="#[94]">&gt;&gt;</a>&nbsp;&nbsp;&nbsp;DRAW_BLACKCOIN_WITH_ARROW
<LI><a href="#[8d]">&gt;&gt;</a>&nbsp;&nbsp;&nbsp;MOVE_LEFT
<LI><a href="#[8c]">&gt;&gt;</a>&nbsp;&nbsp;&nbsp;MOVE_RIGHT
<LI><a href="#[89]">&gt;&gt;</a>&nbsp;&nbsp;&nbsp;SWITCH_COLOR
<LI><a href="#[78]">&gt;&gt;</a>&nbsp;&nbsp;&nbsp;MOVE_PAD_RIGHT
</UL>

<P><STRONG><a name="[99]"></a>ADDRESS_SET</STRONG> (Thumb, 92 bytes, Stack size 0 bytes, main.o(MYCODE), UNUSED, KEPT)
<BR><BR>[Calls]<UL><LI><a href="#[a3]">&gt;&gt;</a>&nbsp;&nbsp;&nbsp;LCD_DATA_WRITE
<LI><a href="#[a2]">&gt;&gt;</a>&nbsp;&nbsp;&nbsp;LCD_COMMAND_WRITE
</UL>
<BR>[Called By]<UL><LI><a href="#[a0]">&gt;&gt;</a>&nbsp;&nbsp;&nbsp;DRAW_D
</UL>

<P><STRONG><a name="[9a]"></a>DRAW_0</STRONG> (Thumb, 62 bytes, Stack size 0 bytes, main.o(MYCODE), UNUSED, KEPT)
<BR><BR>[Called By]<UL><LI><a href="#[7e]">&gt;&gt;</a>&nbsp;&nbsp;&nbsp;CHECK_TIE
<LI><a href="#[7d]">&gt;&gt;</a>&nbsp;&nbsp;&nbsp;GAMEOVERC4
<LI><a href="#[78]">&gt;&gt;</a>&nbsp;&nbsp;&nbsp;MOVE_PAD_RIGHT
</UL>

<P><STRONG><a name="[9b]"></a>DRAW_1</STRONG> (Thumb, 30 bytes, Stack size 0 bytes, main.o(MYCODE), UNUSED, KEPT)
<BR><BR>[Called By]<UL><LI><a href="#[7c]">&gt;&gt;</a>&nbsp;&nbsp;&nbsp;DRAW_GAME_1
<LI><a href="#[7b]">&gt;&gt;</a>&nbsp;&nbsp;&nbsp;SELECT_1
</UL>

<P><STRONG><a name="[9c]"></a>DRAW_2</STRONG> (Thumb, 138 bytes, Stack size 0 bytes, main.o(MYCODE), UNUSED, KEPT)
<BR><BR>[Called By]<UL><LI><a href="#[7a]">&gt;&gt;</a>&nbsp;&nbsp;&nbsp;DRAW_GAME_2
<LI><a href="#[79]">&gt;&gt;</a>&nbsp;&nbsp;&nbsp;SELECT_2
</UL>

<P><STRONG><a name="[9d]"></a>DRAW_Y</STRONG> (Thumb, 116 bytes, Stack size 0 bytes, main.o(MYCODE), UNUSED, KEPT)
<BR><BR>[Called By]<UL><LI><a href="#[8b]">&gt;&gt;</a>&nbsp;&nbsp;&nbsp;YELLOW_TURN
<LI><a href="#[7d]">&gt;&gt;</a>&nbsp;&nbsp;&nbsp;GAMEOVERC4
</UL>

<P><STRONG><a name="[9e]"></a>DRAW_U</STRONG> (Thumb, 58 bytes, Stack size 0 bytes, main.o(MYCODE), UNUSED, KEPT)
<BR><BR>[Called By]<UL><LI><a href="#[8b]">&gt;&gt;</a>&nbsp;&nbsp;&nbsp;YELLOW_TURN
<LI><a href="#[8a]">&gt;&gt;</a>&nbsp;&nbsp;&nbsp;RED_TURN
</UL>

<P><STRONG><a name="[9f]"></a>DRAW_L</STRONG> (Thumb, 60 bytes, Stack size 0 bytes, main.o(MYCODE), UNUSED, KEPT)
<BR><BR>[Called By]<UL><LI><a href="#[8b]">&gt;&gt;</a>&nbsp;&nbsp;&nbsp;YELLOW_TURN
<LI><a href="#[7d]">&gt;&gt;</a>&nbsp;&nbsp;&nbsp;GAMEOVERC4
</UL>

<P><STRONG><a name="[a0]"></a>DRAW_D</STRONG> (Thumb, 108 bytes, Stack size 0 bytes, main.o(MYCODE), UNUSED, KEPT)
<BR><BR>[Calls]<UL><LI><a href="#[a3]">&gt;&gt;</a>&nbsp;&nbsp;&nbsp;LCD_DATA_WRITE
<LI><a href="#[a2]">&gt;&gt;</a>&nbsp;&nbsp;&nbsp;LCD_COMMAND_WRITE
<LI><a href="#[99]">&gt;&gt;</a>&nbsp;&nbsp;&nbsp;ADDRESS_SET
</UL>
<BR>[Called By]<UL><LI><a href="#[8a]">&gt;&gt;</a>&nbsp;&nbsp;&nbsp;RED_TURN
<LI><a href="#[7d]">&gt;&gt;</a>&nbsp;&nbsp;&nbsp;GAMEOVERC4
</UL>

<P><STRONG><a name="[a1]"></a>LCD_WRITE</STRONG> (Thumb, 44 bytes, Stack size 0 bytes, main.o(MYCODE))
<BR><BR>[Called By]<UL><LI><a href="#[a3]">&gt;&gt;</a>&nbsp;&nbsp;&nbsp;LCD_DATA_WRITE
<LI><a href="#[a2]">&gt;&gt;</a>&nbsp;&nbsp;&nbsp;LCD_COMMAND_WRITE
</UL>

<P><STRONG><a name="[a2]"></a>LCD_COMMAND_WRITE</STRONG> (Thumb, 44 bytes, Stack size 0 bytes, main.o(MYCODE))
<BR><BR>[Calls]<UL><LI><a href="#[a1]">&gt;&gt;</a>&nbsp;&nbsp;&nbsp;LCD_WRITE
</UL>
<BR>[Called By]<UL><LI><a href="#[a5]">&gt;&gt;</a>&nbsp;&nbsp;&nbsp;LCD_INIT
<LI><a href="#[a0]">&gt;&gt;</a>&nbsp;&nbsp;&nbsp;DRAW_D
<LI><a href="#[99]">&gt;&gt;</a>&nbsp;&nbsp;&nbsp;ADDRESS_SET
</UL>

<P><STRONG><a name="[a3]"></a>LCD_DATA_WRITE</STRONG> (Thumb, 36 bytes, Stack size 0 bytes, main.o(MYCODE))
<BR><BR>[Calls]<UL><LI><a href="#[a1]">&gt;&gt;</a>&nbsp;&nbsp;&nbsp;LCD_WRITE
</UL>
<BR>[Called By]<UL><LI><a href="#[a5]">&gt;&gt;</a>&nbsp;&nbsp;&nbsp;LCD_INIT
<LI><a href="#[a0]">&gt;&gt;</a>&nbsp;&nbsp;&nbsp;DRAW_D
<LI><a href="#[99]">&gt;&gt;</a>&nbsp;&nbsp;&nbsp;ADDRESS_SET
</UL>

<P><STRONG><a name="[a4]"></a>SETUP</STRONG> (Thumb, 160 bytes, Stack size 0 bytes, main.o(MYCODE))
<BR><BR>[Calls]<UL><LI><a href="#[a5]">&gt;&gt;</a>&nbsp;&nbsp;&nbsp;LCD_INIT
</UL>
<BR>[Called By]<UL><LI><a href="#[36]">&gt;&gt;</a>&nbsp;&nbsp;&nbsp;__main
</UL>

<P><STRONG><a name="[a5]"></a>LCD_INIT</STRONG> (Thumb, 222 bytes, Stack size 0 bytes, main.o(MYCODE))
<BR><BR>[Calls]<UL><LI><a href="#[a7]">&gt;&gt;</a>&nbsp;&nbsp;&nbsp;delay_10_milli_second
<LI><a href="#[a6]">&gt;&gt;</a>&nbsp;&nbsp;&nbsp;delay_1_second
<LI><a href="#[a3]">&gt;&gt;</a>&nbsp;&nbsp;&nbsp;LCD_DATA_WRITE
<LI><a href="#[a2]">&gt;&gt;</a>&nbsp;&nbsp;&nbsp;LCD_COMMAND_WRITE
</UL>
<BR>[Called By]<UL><LI><a href="#[a4]">&gt;&gt;</a>&nbsp;&nbsp;&nbsp;SETUP
</UL>

<P><STRONG><a name="[a6]"></a>delay_1_second</STRONG> (Thumb, 22 bytes, Stack size 0 bytes, main.o(MYCODE))
<BR><BR>[Called By]<UL><LI><a href="#[a5]">&gt;&gt;</a>&nbsp;&nbsp;&nbsp;LCD_INIT
</UL>

<P><STRONG><a name="[a7]"></a>delay_10_milli_second</STRONG> (Thumb, 22 bytes, Stack size 0 bytes, main.o(MYCODE))
<BR><BR>[Called By]<UL><LI><a href="#[a5]">&gt;&gt;</a>&nbsp;&nbsp;&nbsp;LCD_INIT
<LI><a href="#[93]">&gt;&gt;</a>&nbsp;&nbsp;&nbsp;DRAW_ROW6_COIN
<LI><a href="#[92]">&gt;&gt;</a>&nbsp;&nbsp;&nbsp;DRAW_ROW5_COIN
<LI><a href="#[91]">&gt;&gt;</a>&nbsp;&nbsp;&nbsp;DRAW_ROW4_COIN
<LI><a href="#[90]">&gt;&gt;</a>&nbsp;&nbsp;&nbsp;DRAW_ROW3_COIN
<LI><a href="#[8f]">&gt;&gt;</a>&nbsp;&nbsp;&nbsp;DRAW_ROW2_COIN
</UL>

<P><STRONG><a name="[a8]"></a>delay_200_milli_second</STRONG> (Thumb, 22 bytes, Stack size 0 bytes, main.o(MYCODE), UNUSED, KEPT)
<BR><BR>[Called By]<UL><LI><a href="#[78]">&gt;&gt;</a>&nbsp;&nbsp;&nbsp;MOVE_PAD_RIGHT
</UL>

<P><STRONG><a name="[a9]"></a>delay_100_milli_second</STRONG> (Thumb, 22 bytes, Stack size 0 bytes, main.o(MYCODE), UNUSED, KEPT)

<P><STRONG><a name="[ab]"></a>SetSysClock</STRONG> (Thumb, 8 bytes, Stack size 8 bytes, system_stm32f10x.o(.text.SetSysClock))
<BR><BR>[Stack]<UL><LI>Max Depth = 24<LI>Call Chain = SetSysClock &rArr; SetSysClockTo72
</UL>
<BR>[Calls]<UL><LI><a href="#[ac]">&gt;&gt;</a>&nbsp;&nbsp;&nbsp;SetSysClockTo72
</UL>
<BR>[Called By]<UL><LI><a href="#[35]">&gt;&gt;</a>&nbsp;&nbsp;&nbsp;SystemInit
</UL>

<P><STRONG><a name="[ac]"></a>SetSysClockTo72</STRONG> (Thumb, 290 bytes, Stack size 16 bytes, system_stm32f10x.o(.text.SetSysClockTo72))
<BR><BR>[Stack]<UL><LI>Max Depth = 16<LI>Call Chain = SetSysClockTo72
</UL>
<BR>[Called By]<UL><LI><a href="#[ab]">&gt;&gt;</a>&nbsp;&nbsp;&nbsp;SetSysClock
</UL>
<P>
<H3>
Undefined Global Symbols
</H3><HR></body></html>
