Component: Arm Compiler for Embedded 6.19 Tool: armlink [5e73cb00]

==============================================================================

Section Cross References

    function.o(MYCODE) refers to function.o(MYDATA) for SELECTED_GAME
    main.o(MYCODE) refers to main.o(MYDATA) for SELECTED_GAME
    startup_stm32f10x_md.o(STACK) refers (Special) to heapauxi.o(.text) for __use_two_region_memory
    startup_stm32f10x_md.o(HEAP) refers (Special) to heapauxi.o(.text) for __use_two_region_memory
    startup_stm32f10x_md.o(RESET) refers (Special) to heapauxi.o(.text) for __use_two_region_memory
    startup_stm32f10x_md.o(RESET) refers to startup_stm32f10x_md.o(STACK) for __initial_sp
    startup_stm32f10x_md.o(RESET) refers to startup_stm32f10x_md.o(.text) for Reset_Handler
    startup_stm32f10x_md.o(.text) refers (Special) to heapauxi.o(.text) for __use_two_region_memory
    startup_stm32f10x_md.o(.text) refers to system_stm32f10x.o(.text.SystemInit) for SystemInit
    startup_stm32f10x_md.o(.text) refers to main.o(MYCODE) for __main
    startup_stm32f10x_md.o(.text) refers to startup_stm32f10x_md.o(HEAP) for Heap_Mem
    startup_stm32f10x_md.o(.text) refers to startup_stm32f10x_md.o(STACK) for Stack_Mem
    system_stm32f10x.o(.text.SystemInit) refers to system_stm32f10x.o(.text.SetSysClock) for SetSysClock
    system_stm32f10x.o(.ARM.exidx.text.SystemInit) refers to system_stm32f10x.o(.text.SystemInit) for [Anonymous Symbol]
    system_stm32f10x.o(.text.SetSysClock) refers to system_stm32f10x.o(.text.SetSysClockTo72) for SetSysClockTo72
    system_stm32f10x.o(.ARM.exidx.text.SetSysClock) refers to system_stm32f10x.o(.text.SetSysClock) for [Anonymous Symbol]
    system_stm32f10x.o(.text.SystemCoreClockUpdate) refers to system_stm32f10x.o(.data.SystemCoreClock) for SystemCoreClock
    system_stm32f10x.o(.text.SystemCoreClockUpdate) refers to system_stm32f10x.o(.rodata.AHBPrescTable) for AHBPrescTable
    system_stm32f10x.o(.ARM.exidx.text.SystemCoreClockUpdate) refers to system_stm32f10x.o(.text.SystemCoreClockUpdate) for [Anonymous Symbol]
    system_stm32f10x.o(.ARM.exidx.text.SetSysClockTo72) refers to system_stm32f10x.o(.text.SetSysClockTo72) for [Anonymous Symbol]


==============================================================================

Removing Unused input sections from the image.

    Removing definitions.o(MYDATA), (144 bytes).
    Removing system_stm32f10x.o(.text), (0 bytes).
    Removing system_stm32f10x.o(.ARM.exidx.text.SystemInit), (8 bytes).
    Removing system_stm32f10x.o(.ARM.exidx.text.SetSysClock), (8 bytes).
    Removing system_stm32f10x.o(.text.SystemCoreClockUpdate), (290 bytes).
    Removing system_stm32f10x.o(.ARM.exidx.text.SystemCoreClockUpdate), (8 bytes).
    Removing system_stm32f10x.o(.ARM.exidx.text.SetSysClockTo72), (8 bytes).
    Removing system_stm32f10x.o(.data.SystemCoreClock), (4 bytes).
    Removing system_stm32f10x.o(.rodata.AHBPrescTable), (16 bytes).

9 unused section(s) (total 486 bytes) removed from the image.

==============================================================================

Image Symbol Table

    Local Symbols

    Symbol Name                              Value     Ov Type        Size  Object(Section)

    ../clib/heapaux.c                        0x00000000   Number         0  heapauxi.o ABSOLUTE
    DEFINITIONS.s                            0x00000000   Number         0  definitions.o ABSOLUTE
    FUNCTION.s                               0x00000000   Number         0  function.o ABSOLUTE
    MAIN.s                                   0x00000000   Number         0  main.o ABSOLUTE
    RTE/Device/STM32F103C8/startup_stm32f10x_md.s 0x00000000   Number         0  startup_stm32f10x_md.o ABSOLUTE
    dc.s                                     0x00000000   Number         0  dc.o ABSOLUTE
    system_stm32f10x.c                       0x00000000   Number         0  system_stm32f10x.o ABSOLUTE
    RESET                                    0x08000000   Section      236  startup_stm32f10x_md.o(RESET)
    .text                                    0x080000ec   Section       64  startup_stm32f10x_md.o(.text)
    .text                                    0x0800012c   Section        0  heapauxi.o(.text)
    SetSysClock                              0x08000135   Thumb Code     8  system_stm32f10x.o(.text.SetSysClock)
    [Anonymous Symbol]                       0x08000134   Section        0  system_stm32f10x.o(.text.SetSysClock)
    SetSysClockTo72                          0x0800013d   Thumb Code   290  system_stm32f10x.o(.text.SetSysClockTo72)
    [Anonymous Symbol]                       0x0800013c   Section        0  system_stm32f10x.o(.text.SetSysClockTo72)
    [Anonymous Symbol]                       0x08000260   Section        0  system_stm32f10x.o(.text.SystemInit)
    MYCODE                                   0x080002c8   Section    13088  function.o(MYCODE)
    INC_LAST_YS                              0x08000c15   Thumb Code    36  function.o(MYCODE)
    FIND_GREATEST_LAST_Y                     0x08000c39   Thumb Code    46  function.o(MYCODE)
    DETECT_BRICK_COLLISON                    0x08000c67   Thumb Code   304  function.o(MYCODE)
    COVER_BRICK                              0x08000d97   Thumb Code    24  function.o(MYCODE)
    DRAW_BALL                                0x08000daf   Thumb Code    76  function.o(MYCODE)
    DRAW_BLACK                               0x08000dfb   Thumb Code    32  function.o(MYCODE)
    DRAW_BRICKS2                             0x08000e5f   Thumb Code   112  function.o(MYCODE)
    DRAW_PAD                                 0x08000ecf   Thumb Code    68  function.o(MYCODE)
    MOVE_PAD_LEFT                            0x08000f13   Thumb Code    64  function.o(MYCODE)
    UPDATE_SCORE                             0x08000f53   Thumb Code   772  function.o(MYCODE)
    MOVE_PAD_RIGHT                           0x08001257   Thumb Code    68  function.o(MYCODE)
    UPDATE_BALL_POSITION                     0x0800129b   Thumb Code   218  function.o(MYCODE)
    SELECT_2                                 0x08001375   Thumb Code   112  function.o(MYCODE)
    DRAW_GAME_2                              0x080013e5   Thumb Code   112  function.o(MYCODE)
    SELECT_1                                 0x08001455   Thumb Code   112  function.o(MYCODE)
    DRAW_GAME_1                              0x080014c5   Thumb Code   112  function.o(MYCODE)
    GAMEOVERC4                               0x08001535   Thumb Code   482  function.o(MYCODE)
    CHECK_TIE                                0x08001717   Thumb Code    22  function.o(MYCODE)
    CHECK_WON                                0x0800189f   Thumb Code    24  function.o(MYCODE)
    CHECK_DIAGONAL2                          0x080018b7   Thumb Code   232  function.o(MYCODE)
    CHECK_DIAGONAL1                          0x0800199f   Thumb Code   236  function.o(MYCODE)
    CHECK_VERTICAL                           0x08001a8b   Thumb Code   236  function.o(MYCODE)
    CHECK_HORIZONTAL                         0x08001b77   Thumb Code   244  function.o(MYCODE)
    INSERT                                   0x08001c6b   Thumb Code   124  function.o(MYCODE)
    INSERT_IN_ARRAY                          0x08001ce7   Thumb Code   284  function.o(MYCODE)
    SWITCH_COLOR                             0x08001e03   Thumb Code    56  function.o(MYCODE)
    INTIALIZE_VARIABLES                      0x08001e3b   Thumb Code   596  function.o(MYCODE)
    RED_TURN                                 0x0800208f   Thumb Code   124  function.o(MYCODE)
    YELLOW_TURN                              0x0800210b   Thumb Code   124  function.o(MYCODE)
    MOVE_RIGHT                               0x08002187   Thumb Code    94  function.o(MYCODE)
    MOVE_LEFT                                0x080021e5   Thumb Code    80  function.o(MYCODE)
    DRAW_ROW1_COIN                           0x08002235   Thumb Code    50  function.o(MYCODE)
    DRAW_ROW2_COIN                           0x08002267   Thumb Code    70  function.o(MYCODE)
    DRAW_ROW3_COIN                           0x080022ad   Thumb Code    70  function.o(MYCODE)
    DRAW_ROW4_COIN                           0x080022f3   Thumb Code    70  function.o(MYCODE)
    DRAW_ROW5_COIN                           0x08002339   Thumb Code    70  function.o(MYCODE)
    DRAW_ROW6_COIN                           0x0800237f   Thumb Code    70  function.o(MYCODE)
    DRAW_BLACKCOIN_WITH_ARROW                0x080023c5   Thumb Code    48  function.o(MYCODE)
    DrawYellowPlayersCoin                    0x080023f5   Thumb Code   124  function.o(MYCODE)
    DrawRedPlayersCoin                       0x08002471   Thumb Code    88  function.o(MYCODE)
    HIDE_COLOR_TURN                          0x080024c9   Thumb Code    32  function.o(MYCODE)
    DRAW_ARROW                               0x080024e9   Thumb Code   120  function.o(MYCODE)
    ADDRESS_SET                              0x08002561   Thumb Code    92  function.o(MYCODE)
    DRAW_0                                   0x080025bd   Thumb Code    62  function.o(MYCODE)
    DRAW_1                                   0x080025fb   Thumb Code    30  function.o(MYCODE)
    DRAW_2                                   0x08002619   Thumb Code   138  function.o(MYCODE)
    DRAW_Y                                   0x08002ccd   Thumb Code   116  function.o(MYCODE)
    DRAW_U                                   0x08002d41   Thumb Code    58  function.o(MYCODE)
    DRAW_L                                   0x08002f8d   Thumb Code    60  function.o(MYCODE)
    DRAW_D                                   0x08002fc9   Thumb Code   108  function.o(MYCODE)
    LCD_WRITE                                0x0800336d   Thumb Code    44  function.o(MYCODE)
    LCD_COMMAND_WRITE                        0x08003399   Thumb Code    44  function.o(MYCODE)
    LCD_DATA_WRITE                           0x080033c5   Thumb Code    36  function.o(MYCODE)
    LCD_INIT                                 0x08003489   Thumb Code   222  function.o(MYCODE)
    delay_1_second                           0x08003567   Thumb Code    22  function.o(MYCODE)
    delay_10_milli_second                    0x0800357d   Thumb Code    22  function.o(MYCODE)
    delay_200_milli_second                   0x08003593   Thumb Code    22  function.o(MYCODE)
    delay_100_milli_second                   0x080035a9   Thumb Code    22  function.o(MYCODE)
    MYCODE                                   0x080035e8   Section    11188  main.o(MYCODE)
    INC_LAST_YS                              0x08003c37   Thumb Code    36  main.o(MYCODE)
    DETECT_BRICK_COLLISON                    0x08003c5b   Thumb Code   268  main.o(MYCODE)
    COVER_BRICK                              0x08003d67   Thumb Code    24  main.o(MYCODE)
    DRAW_BALL                                0x08003d7f   Thumb Code    64  main.o(MYCODE)
    UPDATE_BALL_POSITION                     0x08003dbf   Thumb Code   232  main.o(MYCODE)
    DRAW_PAD                                 0x08003ea7   Thumb Code    68  main.o(MYCODE)
    MOVE_PAD_LEFT                            0x08003eeb   Thumb Code    64  main.o(MYCODE)
    MOVE_PAD_RIGHT                           0x08003f2b   Thumb Code    68  main.o(MYCODE)
    SELECT_2                                 0x08004149   Thumb Code   112  main.o(MYCODE)
    DRAW_GAME_2                              0x080041b9   Thumb Code   112  main.o(MYCODE)
    SELECT_1                                 0x08004229   Thumb Code   112  main.o(MYCODE)
    DRAW_GAME_1                              0x08004299   Thumb Code   112  main.o(MYCODE)
    GAMEOVERC4                               0x08004309   Thumb Code   456  main.o(MYCODE)
    CHECK_TIE                                0x080044d1   Thumb Code    22  main.o(MYCODE)
    CHECK_WON                                0x08004655   Thumb Code    24  main.o(MYCODE)
    CHECK_DIAGONAL2                          0x0800466d   Thumb Code   230  main.o(MYCODE)
    CHECK_DIAGONAL1                          0x08004753   Thumb Code   236  main.o(MYCODE)
    CHECK_VERTICAL                           0x0800483f   Thumb Code   236  main.o(MYCODE)
    CHECK_HORIZONTAL                         0x0800492b   Thumb Code   244  main.o(MYCODE)
    INSERT                                   0x08004a1f   Thumb Code   132  main.o(MYCODE)
    INSERT_IN_ARRAY                          0x08004aa3   Thumb Code   294  main.o(MYCODE)
    DRAW_BLACK                               0x08004bc9   Thumb Code    32  main.o(MYCODE)
    DRAW_BRICKS2                             0x08004c2d   Thumb Code   112  main.o(MYCODE)
    INITIALIZE_VARIABLES                     0x08004c9d   Thumb Code   556  main.o(MYCODE)
    SWITCH_COLOR                             0x08004ec9   Thumb Code    56  main.o(MYCODE)
    RED_TURN                                 0x08004f01   Thumb Code   124  main.o(MYCODE)
    YELLOW_TURN                              0x08004f7d   Thumb Code   124  main.o(MYCODE)
    MOVE_RIGHT                               0x08004ff9   Thumb Code    80  main.o(MYCODE)
    MOVE_LEFT                                0x08005049   Thumb Code    80  main.o(MYCODE)
    DRAW_ROW1_COIN                           0x08005099   Thumb Code    50  main.o(MYCODE)
    DRAW_ROW2_COIN                           0x080050cb   Thumb Code    70  main.o(MYCODE)
    DRAW_ROW3_COIN                           0x08005111   Thumb Code    70  main.o(MYCODE)
    DRAW_ROW4_COIN                           0x08005157   Thumb Code    70  main.o(MYCODE)
    DRAW_ROW5_COIN                           0x0800519d   Thumb Code    70  main.o(MYCODE)
    DRAW_ROW6_COIN                           0x080051e3   Thumb Code    70  main.o(MYCODE)
    DRAW_BLACKCOIN_WITH_ARROW                0x08005229   Thumb Code    48  main.o(MYCODE)
    DrawYellowPlayersCoin                    0x08005259   Thumb Code   124  main.o(MYCODE)
    DrawRedPlayersCoin                       0x080052d5   Thumb Code    88  main.o(MYCODE)
    HIDE_COLOR_TURN                          0x0800532d   Thumb Code    32  main.o(MYCODE)
    DRAW_ARROW                               0x0800534d   Thumb Code   120  main.o(MYCODE)
    ADDRESS_SET                              0x080053c5   Thumb Code    92  main.o(MYCODE)
    DRAW_0                                   0x08005421   Thumb Code    62  main.o(MYCODE)
    DRAW_1                                   0x0800545f   Thumb Code    30  main.o(MYCODE)
    DRAW_2                                   0x0800547d   Thumb Code   138  main.o(MYCODE)
    DRAW_Y                                   0x0800587b   Thumb Code   116  main.o(MYCODE)
    DRAW_U                                   0x080058ef   Thumb Code    58  main.o(MYCODE)
    DRAW_L                                   0x08005b3b   Thumb Code    60  main.o(MYCODE)
    DRAW_D                                   0x08005b77   Thumb Code   108  main.o(MYCODE)
    LCD_WRITE                                0x08005f1b   Thumb Code    44  main.o(MYCODE)
    LCD_COMMAND_WRITE                        0x08005f47   Thumb Code    44  main.o(MYCODE)
    LCD_DATA_WRITE                           0x08005f73   Thumb Code    36  main.o(MYCODE)
    SETUP                                    0x08005f97   Thumb Code   160  main.o(MYCODE)
    LCD_INIT                                 0x08006037   Thumb Code   222  main.o(MYCODE)
    delay_1_second                           0x08006115   Thumb Code    22  main.o(MYCODE)
    delay_10_milli_second                    0x0800612b   Thumb Code    22  main.o(MYCODE)
    delay_200_milli_second                   0x08006141   Thumb Code    22  main.o(MYCODE)
    delay_100_milli_second                   0x08006157   Thumb Code    22  main.o(MYCODE)
    PlayersCoinX                             0x20000000   Data           2  function.o(MYDATA)
    MYDATA                                   0x20000000   Section      144  function.o(MYDATA)
    PlayersCoinY                             0x20000002   Data           2  function.o(MYDATA)
    LAST_COLOR_DRAWN                         0x20000004   Data           4  function.o(MYDATA)
    ARRAY1                                   0x20000008   Data           6  function.o(MYDATA)
    ARRAY2                                   0x2000000e   Data           6  function.o(MYDATA)
    ARRAY3                                   0x20000014   Data           6  function.o(MYDATA)
    ARRAY4                                   0x2000001a   Data           6  function.o(MYDATA)
    ARRAY5                                   0x20000020   Data           6  function.o(MYDATA)
    ARRAY6                                   0x20000026   Data           6  function.o(MYDATA)
    ARRAY7                                   0x2000002c   Data           6  function.o(MYDATA)
    SELECTED_GAME                            0x20000032   Data           2  function.o(MYDATA)
    PAD_X                                    0x20000034   Data           2  function.o(MYDATA)
    BRICKS_X                                 0x20000036   Data           2  function.o(MYDATA)
    BRICKS_LAST                              0x20000038   Data           2  function.o(MYDATA)
    BRICKS_LY                                0x2000003a   Data           2  function.o(MYDATA)
    BRICKS_Y                                 0x2000003c   Data           2  function.o(MYDATA)
    PURPLE_X                                 0x2000003e   Data           2  function.o(MYDATA)
    BALL_X                                   0x20000040   Data           2  function.o(MYDATA)
    BALL_Y                                   0x20000042   Data           2  function.o(MYDATA)
    SPEED_X                                  0x20000044   Data           2  function.o(MYDATA)
    SPEED_Y                                  0x20000046   Data           2  function.o(MYDATA)
    SPEED_XD                                 0x20000048   Data           2  function.o(MYDATA)
    SPEED_YD                                 0x2000004a   Data           2  function.o(MYDATA)
    ITERATION                                0x2000004c   Data           2  function.o(MYDATA)
    SCORE                                    0x2000004e   Data           2  function.o(MYDATA)
    GREATEST_LY                              0x20000050   Data           4  function.o(MYDATA)
    LAST_YS                                  0x20000054   Data          60  function.o(MYDATA)
    PlayersCoinX                             0x20000090   Data           2  main.o(MYDATA)
    MYDATA                                   0x20000090   Section      140  main.o(MYDATA)
    PlayersCoinY                             0x20000092   Data           2  main.o(MYDATA)
    LAST_COLOR_DRAWN                         0x20000094   Data           4  main.o(MYDATA)
    ARRAY1                                   0x20000098   Data           6  main.o(MYDATA)
    ARRAY2                                   0x2000009e   Data           6  main.o(MYDATA)
    ARRAY3                                   0x200000a4   Data           6  main.o(MYDATA)
    ARRAY4                                   0x200000aa   Data           6  main.o(MYDATA)
    ARRAY5                                   0x200000b0   Data           6  main.o(MYDATA)
    ARRAY6                                   0x200000b6   Data           6  main.o(MYDATA)
    ARRAY7                                   0x200000bc   Data           6  main.o(MYDATA)
    SELECTED_GAME                            0x200000c2   Data           2  main.o(MYDATA)
    BALL_X                                   0x200000c4   Data           2  main.o(MYDATA)
    BALL_Y                                   0x200000c6   Data           2  main.o(MYDATA)
    SPEED_X                                  0x200000c8   Data           2  main.o(MYDATA)
    SPEED_Y                                  0x200000ca   Data           2  main.o(MYDATA)
    SPEED_XD                                 0x200000cc   Data           2  main.o(MYDATA)
    SPEED_YD                                 0x200000ce   Data           2  main.o(MYDATA)
    ITERATION                                0x200000d0   Data           2  main.o(MYDATA)
    PAD_X                                    0x200000d2   Data           2  main.o(MYDATA)
    BRICKS_X                                 0x200000d4   Data           2  main.o(MYDATA)
    BRICKS_LAST                              0x200000d6   Data           2  main.o(MYDATA)
    BRICKS_LY                                0x200000d8   Data           2  main.o(MYDATA)
    BRICKS_Y                                 0x200000da   Data           2  main.o(MYDATA)
    PURPLE_X                                 0x200000dc   Data           2  main.o(MYDATA)
    LAST_YS                                  0x200000e0   Data          60  main.o(MYDATA)
    Heap_Mem                                 0x20000120   Data         512  startup_stm32f10x_md.o(HEAP)
    HEAP                                     0x20000120   Section      512  startup_stm32f10x_md.o(HEAP)
    Stack_Mem                                0x20000320   Data        1024  startup_stm32f10x_md.o(STACK)
    STACK                                    0x20000320   Section     1024  startup_stm32f10x_md.o(STACK)
    __initial_sp                             0x20000720   Data           0  startup_stm32f10x_md.o(STACK)

    Global Symbols

    Symbol Name                              Value     Ov Type        Size  Object(Section)

    BuildAttributes$$THM_ISAv4$P$D$K$B$S$PE$A:L22UL41UL21$X:L11$S22US41US21$IEEE1$IW$~IW$USESV6$~STKCKD$USESV7$~SHL$OSPACE$ROPI$EBA8$STANDARDLIB$REQ8$EABIv2 0x00000000   Number         0  anon$$obj.o ABSOLUTE
    __Vectors_Size                           0x000000ec   Number         0  startup_stm32f10x_md.o ABSOLUTE
    __Vectors                                0x08000000   Data           4  startup_stm32f10x_md.o(RESET)
    Reset_Handler                            0x080000ed   Thumb Code     8  startup_stm32f10x_md.o(.text)
    __Vectors_End                            0x080000ec   Data           0  startup_stm32f10x_md.o(RESET)
    NMI_Handler                              0x080000f5   Thumb Code     2  startup_stm32f10x_md.o(.text)
    HardFault_Handler                        0x080000f7   Thumb Code     2  startup_stm32f10x_md.o(.text)
    MemManage_Handler                        0x080000f9   Thumb Code     2  startup_stm32f10x_md.o(.text)
    BusFault_Handler                         0x080000fb   Thumb Code     2  startup_stm32f10x_md.o(.text)
    UsageFault_Handler                       0x080000fd   Thumb Code     2  startup_stm32f10x_md.o(.text)
    SVC_Handler                              0x080000ff   Thumb Code     2  startup_stm32f10x_md.o(.text)
    DebugMon_Handler                         0x08000101   Thumb Code     2  startup_stm32f10x_md.o(.text)
    PendSV_Handler                           0x08000103   Thumb Code     2  startup_stm32f10x_md.o(.text)
    SysTick_Handler                          0x08000105   Thumb Code     2  startup_stm32f10x_md.o(.text)
    ADC1_2_IRQHandler                        0x08000107   Thumb Code     0  startup_stm32f10x_md.o(.text)
    CAN1_RX1_IRQHandler                      0x08000107   Thumb Code     0  startup_stm32f10x_md.o(.text)
    CAN1_SCE_IRQHandler                      0x08000107   Thumb Code     0  startup_stm32f10x_md.o(.text)
    DMA1_Channel1_IRQHandler                 0x08000107   Thumb Code     0  startup_stm32f10x_md.o(.text)
    DMA1_Channel2_IRQHandler                 0x08000107   Thumb Code     0  startup_stm32f10x_md.o(.text)
    DMA1_Channel3_IRQHandler                 0x08000107   Thumb Code     0  startup_stm32f10x_md.o(.text)
    DMA1_Channel4_IRQHandler                 0x08000107   Thumb Code     0  startup_stm32f10x_md.o(.text)
    DMA1_Channel5_IRQHandler                 0x08000107   Thumb Code     0  startup_stm32f10x_md.o(.text)
    DMA1_Channel6_IRQHandler                 0x08000107   Thumb Code     0  startup_stm32f10x_md.o(.text)
    DMA1_Channel7_IRQHandler                 0x08000107   Thumb Code     0  startup_stm32f10x_md.o(.text)
    EXTI0_IRQHandler                         0x08000107   Thumb Code     0  startup_stm32f10x_md.o(.text)
    EXTI15_10_IRQHandler                     0x08000107   Thumb Code     0  startup_stm32f10x_md.o(.text)
    EXTI1_IRQHandler                         0x08000107   Thumb Code     0  startup_stm32f10x_md.o(.text)
    EXTI2_IRQHandler                         0x08000107   Thumb Code     0  startup_stm32f10x_md.o(.text)
    EXTI3_IRQHandler                         0x08000107   Thumb Code     0  startup_stm32f10x_md.o(.text)
    EXTI4_IRQHandler                         0x08000107   Thumb Code     0  startup_stm32f10x_md.o(.text)
    EXTI9_5_IRQHandler                       0x08000107   Thumb Code     0  startup_stm32f10x_md.o(.text)
    FLASH_IRQHandler                         0x08000107   Thumb Code     0  startup_stm32f10x_md.o(.text)
    I2C1_ER_IRQHandler                       0x08000107   Thumb Code     0  startup_stm32f10x_md.o(.text)
    I2C1_EV_IRQHandler                       0x08000107   Thumb Code     0  startup_stm32f10x_md.o(.text)
    I2C2_ER_IRQHandler                       0x08000107   Thumb Code     0  startup_stm32f10x_md.o(.text)
    I2C2_EV_IRQHandler                       0x08000107   Thumb Code     0  startup_stm32f10x_md.o(.text)
    PVD_IRQHandler                           0x08000107   Thumb Code     0  startup_stm32f10x_md.o(.text)
    RCC_IRQHandler                           0x08000107   Thumb Code     0  startup_stm32f10x_md.o(.text)
    RTCAlarm_IRQHandler                      0x08000107   Thumb Code     0  startup_stm32f10x_md.o(.text)
    RTC_IRQHandler                           0x08000107   Thumb Code     0  startup_stm32f10x_md.o(.text)
    SPI1_IRQHandler                          0x08000107   Thumb Code     0  startup_stm32f10x_md.o(.text)
    SPI2_IRQHandler                          0x08000107   Thumb Code     0  startup_stm32f10x_md.o(.text)
    TAMPER_IRQHandler                        0x08000107   Thumb Code     0  startup_stm32f10x_md.o(.text)
    TIM1_BRK_IRQHandler                      0x08000107   Thumb Code     0  startup_stm32f10x_md.o(.text)
    TIM1_CC_IRQHandler                       0x08000107   Thumb Code     0  startup_stm32f10x_md.o(.text)
    TIM1_TRG_COM_IRQHandler                  0x08000107   Thumb Code     0  startup_stm32f10x_md.o(.text)
    TIM1_UP_IRQHandler                       0x08000107   Thumb Code     0  startup_stm32f10x_md.o(.text)
    TIM2_IRQHandler                          0x08000107   Thumb Code     0  startup_stm32f10x_md.o(.text)
    TIM3_IRQHandler                          0x08000107   Thumb Code     0  startup_stm32f10x_md.o(.text)
    TIM4_IRQHandler                          0x08000107   Thumb Code     0  startup_stm32f10x_md.o(.text)
    USART1_IRQHandler                        0x08000107   Thumb Code     0  startup_stm32f10x_md.o(.text)
    USART2_IRQHandler                        0x08000107   Thumb Code     0  startup_stm32f10x_md.o(.text)
    USART3_IRQHandler                        0x08000107   Thumb Code     0  startup_stm32f10x_md.o(.text)
    USBWakeUp_IRQHandler                     0x08000107   Thumb Code     0  startup_stm32f10x_md.o(.text)
    USB_HP_CAN1_TX_IRQHandler                0x08000107   Thumb Code     0  startup_stm32f10x_md.o(.text)
    USB_LP_CAN1_RX0_IRQHandler               0x08000107   Thumb Code     0  startup_stm32f10x_md.o(.text)
    WWDG_IRQHandler                          0x08000107   Thumb Code     0  startup_stm32f10x_md.o(.text)
    __user_initial_stackheap                 0x08000109   Thumb Code     0  startup_stm32f10x_md.o(.text)
    __use_two_region_memory                  0x0800012d   Thumb Code     2  heapauxi.o(.text)
    __rt_heap_escrow$2region                 0x0800012f   Thumb Code     2  heapauxi.o(.text)
    __rt_heap_expand$2region                 0x08000131   Thumb Code     2  heapauxi.o(.text)
    SystemInit                               0x08000261   Thumb Code   102  system_stm32f10x.o(.text.SystemInit)
    __main                                   0x08006195   Thumb Code     8  main.o(MYCODE)



==============================================================================

Memory Map of the image

  Image Entry point : 0x080000ed

  Load Region LR_1 (Base: 0x08000000, Size: 0x000062b8, Max: 0xffffffff, ABSOLUTE)

    Execution Region ER_RO (Exec base: 0x08000000, Load base: 0x08000000, Size: 0x0000619c, Max: 0xffffffff, ABSOLUTE)

    Exec Addr    Load Addr    Size         Type   Attr      Idx    E Section Name        Object

    0x08000000   0x08000000   0x000000ec   Data   RO           16    RESET               startup_stm32f10x_md.o
    0x080000ec   0x080000ec   0x00000040   Code   RO           17  * .text               startup_stm32f10x_md.o
    0x0800012c   0x0800012c   0x00000006   Code   RO           40    .text               c_w.l(heapauxi.o)
    0x08000132   0x08000132   0x00000002   PAD
    0x08000134   0x08000134   0x00000008   Code   RO           24    .text.SetSysClock   system_stm32f10x.o
    0x0800013c   0x0800013c   0x00000122   Code   RO           28    .text.SetSysClockTo72  system_stm32f10x.o
    0x0800025e   0x0800025e   0x00000002   PAD
    0x08000260   0x08000260   0x00000066   Code   RO           22    .text.SystemInit    system_stm32f10x.o
    0x080002c6   0x080002c6   0x00000002   PAD
    0x080002c8   0x080002c8   0x00003320   Code   RO            3  * MYCODE              function.o
    0x080035e8   0x080035e8   0x00002bb4   Code   RO           10  * MYCODE              main.o


    Execution Region ER_RW (Exec base: 0x20000000, Load base: 0x0800619c, Size: 0x0000011c, Max: 0xffffffff, ABSOLUTE)

    Exec Addr    Load Addr    Size         Type   Attr      Idx    E Section Name        Object

    0x20000000   0x0800619c   0x00000090   Data   RW            2    MYDATA              function.o
    0x20000090   0x0800622c   0x0000008c   Data   RW            9    MYDATA              main.o


    Execution Region ER_ZI (Exec base: 0x20000120, Load base: 0x080062b8, Size: 0x00000600, Max: 0xffffffff, ABSOLUTE)

    Exec Addr    Load Addr    Size         Type   Attr      Idx    E Section Name        Object

    0x20000120        -       0x00000200   Zero   RW           15    HEAP                startup_stm32f10x_md.o
    0x20000320        -       0x00000400   Zero   RW           14    STACK               startup_stm32f10x_md.o


==============================================================================

Image component sizes


      Code (inc. data)   RO Data    RW Data    ZI Data      Debug   Object Name

     13088        598          0        144          0       7480   function.o
     11188        500          0        140          0       6764   main.o
        64         26        236          0       1536        812   startup_stm32f10x_md.o
       400          0          0          0          0       2872   system_stm32f10x.o

    ----------------------------------------------------------------------
     24744       1124        236        284       1536      17928   Object Totals
         0          0          0          0          0          0   (incl. Generated)
         4          0          0          0          0          0   (incl. Padding)

    ----------------------------------------------------------------------

      Code (inc. data)   RO Data    RW Data    ZI Data      Debug   Library Member Name

         6          0          0          0          0        152   heapauxi.o

    ----------------------------------------------------------------------
         8          0          0          0          0        152   Library Totals
         2          0          0          0          0          0   (incl. Padding)

    ----------------------------------------------------------------------

      Code (inc. data)   RO Data    RW Data    ZI Data      Debug   Library Name

         6          0          0          0          0        152   c_w.l

    ----------------------------------------------------------------------
         8          0          0          0          0        152   Library Totals

    ----------------------------------------------------------------------

==============================================================================


      Code (inc. data)   RO Data    RW Data    ZI Data      Debug   

     24752       1124        236        284       1536      17976   Grand Totals
     24752       1124        236        284       1536      17976   ELF Image Totals
     24752       1124        236        284          0          0   ROM Totals

==============================================================================

    Total RO  Size (Code + RO Data)                24988 (  24.40kB)
    Total RW  Size (RW Data + ZI Data)              1820 (   1.78kB)
    Total ROM Size (Code + RO Data + RW Data)      25272 (  24.68kB)

==============================================================================

